[par] counted parameters for 21 models  (metric = ROC-AUC)

model                     algo   nf     params   CV-ROC
--------------------------------------------------------
logreg 30feat               lr   30         31   0.8748
cb 10feat v2 (d2)           cb   10        350   0.7469
cb 10feat v2                cb   10        837   0.7613
cb 30feat v2                cb   30      1,612   0.8111
xgb 20feat v2              xgb   20      2,028   0.8671
xgb 10feat v2              xgb   10      2,204   0.8701
xgb 20feat v2 (axiom)      xgb   20      2,862   0.8614
xgb 0ir-hidden (30f)       xgb   30      3,526   0.9243
rf 10b+10m v5 (tuned)       rf   20      4,220   0.9478
xgb 30feat v2              xgb   30      4,246   0.8932
xgb 25ir-hidden (30f)      xgb   30      5,306   0.9555
xgb 20feat v2 (stable)     xgb   20      5,598   0.9094
rf 25ir-hidden (20f)        rf   20      7,070   0.9475
xgb meta-only v6           xgb   10      7,658   0.9155
rf 0ir-hidden (20f)         rf   20      9,134   0.9410
xgb 10b+17m v5             xgb   27      9,272   0.9518
rf 10b+17m v4 (axiom)       rf   27     10,218   0.9037
xgb 20feat v2 (mstr)       xgb   20     12,762   0.9218
xgb 20b+10m v7             xgb   30     13,260   0.9540
rf 10b+17m v3               rf   27     16,972   0.9114
rf 10feat v2                rf   10     25,686   0.7506

========================================================
  BEST by CV PR-AUC : xgb 25ir-hidden (30f)    CV=0.9555  params=5,306
  LEANEST strong    : xgb 0ir-hidden (30f)     CV=0.9243  params=3,526 (within 0.05 CV of best)

[par] plot saved to param_comparison_roc_20260709_142024.png
[par] log saved to param_comparison_roc_20260709_142024.log
