[par] could not count rf_insider_25ir_20260701_085233.meta.json: [09:28:20] /Users/runner/work/xgboost/xgboost/include/xgboost/json.h:88: Invalid cast, from Null to Object
Stack trace:
  [bt] (0) 1   libxgboost.dylib                    0x000000011bc7e545 dmlc::LogMessageFatal::~LogMessageFatal() + 117
  [bt] (1) 2   libxgboost.dylib                    0x000000011bc80a76 xgboost::JsonObject* xgboost::Cast<xgboost::JsonObject, xgboost::Value>(xgboost::Value*) + 502
  [bt] (2) 3   libxgboost.dylib                    0x000000011bf4de75 xgboost::LearnerIO::LoadModel(xgboost::Json const&) + 325
  [bt] (3) 4   libxgboost.dylib                    0x000000011bd523cc XGBoosterLoadModel + 1084
  [bt] (4) 5   libffi.dylib                        0x00007ff8279d3892 ffi_call_unix64 + 82
  [bt] (5) 6   ???                                 0x00007ff7b65474e0 0x0 + 140701892637920


[par] could not count rf_insider_0ir_20260701_085551.meta.json: [09:28:20] /Users/runner/work/xgboost/xgboost/include/xgboost/json.h:88: Invalid cast, from Null to Object
Stack trace:
  [bt] (0) 1   libxgboost.dylib                    0x000000011bc7e545 dmlc::LogMessageFatal::~LogMessageFatal() + 117
  [bt] (1) 2   libxgboost.dylib                    0x000000011bc80a76 xgboost::JsonObject* xgboost::Cast<xgboost::JsonObject, xgboost::Value>(xgboost::Value*) + 502
  [bt] (2) 3   libxgboost.dylib                    0x000000011bf4de75 xgboost::LearnerIO::LoadModel(xgboost::Json const&) + 325
  [bt] (3) 4   libxgboost.dylib                    0x000000011bd523cc XGBoosterLoadModel + 1084
  [bt] (4) 5   libffi.dylib                        0x00007ff8279d3892 ffi_call_unix64 + 82
  [bt] (5) 6   ???                                 0x00007ff7b65474e0 0x0 + 140701892637920


[par] could not count xgb_insider_25ir_20260701_085928.meta.json: [09:28:20] /Users/runner/work/xgboost/xgboost/include/xgboost/json.h:88: Invalid cast, from Null to Object
Stack trace:
  [bt] (0) 1   libxgboost.dylib                    0x000000011bc7e545 dmlc::LogMessageFatal::~LogMessageFatal() + 117
  [bt] (1) 2   libxgboost.dylib                    0x000000011bc80a76 xgboost::JsonObject* xgboost::Cast<xgboost::JsonObject, xgboost::Value>(xgboost::Value*) + 502
  [bt] (2) 3   libxgboost.dylib                    0x000000011bf4de75 xgboost::LearnerIO::LoadModel(xgboost::Json const&) + 325
  [bt] (3) 4   libxgboost.dylib                    0x000000011bd523cc XGBoosterLoadModel + 1084
  [bt] (4) 5   libffi.dylib                        0x00007ff8279d3892 ffi_call_unix64 + 82
  [bt] (5) 6   ???                                 0x00007ff7b65474e0 0x0 + 140701892637920


[par] could not count xgb_insider_0ir_20260701_090301.meta.json: [09:28:20] /Users/runner/work/xgboost/xgboost/include/xgboost/json.h:88: Invalid cast, from Null to Object
Stack trace:
  [bt] (0) 1   libxgboost.dylib                    0x000000011bc7e545 dmlc::LogMessageFatal::~LogMessageFatal() + 117
  [bt] (1) 2   libxgboost.dylib                    0x000000011bc80a76 xgboost::JsonObject* xgboost::Cast<xgboost::JsonObject, xgboost::Value>(xgboost::Value*) + 502
  [bt] (2) 3   libxgboost.dylib                    0x000000011bf4de75 xgboost::LearnerIO::LoadModel(xgboost::Json const&) + 325
  [bt] (3) 4   libxgboost.dylib                    0x000000011bd523cc XGBoosterLoadModel + 1084
  [bt] (4) 5   libffi.dylib                        0x00007ff8279d3892 ffi_call_unix64 + 82
  [bt] (5) 6   ???                                 0x00007ff7b65474e0 0x0 + 140701892637920


[par] counted parameters for 16 models

model                     algo   nf     params    CV-PR
--------------------------------------------------------
cb 10feat v2 (d2)           cb   10        350   0.4720
cb 10feat v2                cb   10        837   0.4782
cb 30feat v2                cb   30      1,612   0.5449
xgb 20feat v2              xgb   20      2,028   0.6534
xgb 10feat v2              xgb   10      2,204   0.6589
xgb 20feat v2 (axiom)      xgb   20      2,862   0.6997
rf 10b+10m v5 (tuned)       rf   20      4,220   0.7887
xgb 30feat v2              xgb   30      4,246   0.6695
xgb 20feat v2 (stable)     xgb   20      5,598   0.7359
xgb meta-only v6           xgb   10      7,658   0.6406
xgb 10b+17m v5             xgb   27      9,272   0.8050
rf 10b+17m v4 (axiom)       rf   27     10,218   0.6812
xgb 20feat v2 (mstr)       xgb   20     12,762   0.7717
xgb 20b+10m v7             xgb   30     13,260   0.8289
rf 10b+17m v3               rf   27     16,972   0.6913
rf 10feat v2                rf   10     25,686   0.5108

========================================================
  BEST by CV PR-AUC : xgb 20b+10m v7           CV=0.8289  params=13,260
  LEANEST strong    : rf 10b+10m v5 (tuned)    CV=0.7887  params=4,220 (within 0.05 CV of best)

[par] plot saved to param_comparison_20260701_092814.png
[par] log saved to param_comparison_20260701_092814.log
