[rf5] run timestamp = 20260629_113958
[rf5] logging to randomforest5_20260629_113958.log
[rf5] loading cache/training_data_with_metadata.parquet
[rf5] full shape=(793, 339)  positives=117  negatives=676
[rf5] using 10 behavioral + 10 metadata = 20 features
[rf5] behavioral (top-10 from cb_insider_30feat_latest.meta.json):
   1. adaptive_markout_raw_grosswt_h0p070
   2. unrealized_edge_per_open_token
   3. adaptive_markout_raw_grosswt_h0p010
   4. adaptive_markout_raw_grosswt_h0p150
   5. unrealized_edge_per_open_token_sqrt
   6. buy_markout_adj_grosswt_h0p070_lb0p150
   7. adaptive_markout_raw_grosswt_h0p200
   8. buy_markout_adj_grosswt_h0p030_lb0p200
   9. high_sell_nonflattening_cash_frac_pctl90
  10. realized_pnl_per_closing_trade
[rf5] metadata (top 10 of 17, ranked by xgb5 gain):
   1. herfindahl_index_markets
   2. median_bet_size_usdc
   3. time_since_first_deposit_to_first_trade_seconds
   4. wallet_age_seconds
   5. wallet_to_market_age_ratio
   6. avg_bet_size_usdc
   7. wallet_minus_market_age_seconds
   8. funder_flagged_wallet_count
   9. winrate
  10. n_markets_traded

==============================================================================
[rf5] TEST MARKET: us-strikes-iran-by-march-1-2026-492
==============================================================================
[rf5] train: 548 rows (28 markets), pos=82, neg=466, auto-balanced w=5.68
[rf5] test : 245 rows, pos=35
[rf5] tuning Optuna (50 trials, GroupKFold=4)...
[rf5]   optuna best CV PR-AUC = 0.7887  (trial 35)
[rf5]   optuna done in 166.5s
[rf5] tuning RandomizedSearchCV (50 iters)...
[rf5]   random-search best CV PR-AUC = 0.7887
[rf5]   random-search done in 63.0s
[rf5] tuner winner = random_search  (optuna=0.7887, random_search=0.7887)  -> best CV PR-AUC=0.7887
[rf5] best params: {'n_estimators': 300, 'max_depth': 3, 'min_samples_split': 9, 'min_samples_leaf': 2, 'max_features': 0.5, 'class_weight': {0: 1.0, 1: 3.0}}
[rf5] final fit in 0.58s
[rf5] metrics per split:
[rf5] train   n= 548 pos= 82  ROC-AUC=0.9832  PR-AUC=0.9109  P=0.7660  R=0.8780  F1=0.8182  (thr=0.5)
[rf5] test    n= 245 pos= 35  ROC-AUC=0.9718  PR-AUC=0.7462  P=0.7000  R=1.0000  F1=0.8235  (thr=0.5)
[rf5] PR-AUC gap train-test = +0.1647  (big positive = overfit)
[rf5] TEST classification @ thr=0.5: P=0.7000 R=1.0000 F1=0.8235 (TP=35, FP=15, FN=0, TN=195)
[rf5] TEST predictions, one row per wallet, sorted by prob desc:
[rf5]  rank  prob    label  cum_tp  cum_fp  prec   recall  wallet
[rf5]     1    0.9278    0        0       1  0.000   0.000  0x0ef76ca8d226473cdef7c17c20c07c05d7059ae8
[rf5]     2    0.9225    0        0       2  0.000   0.000  0x097ac31be4864bff96838d0aec3eeb30c0ab7041
[rf5]     3    0.8910    1        1       2  0.333   0.029  0x2b6072aa2255e3a95154180076771417e3dc0b9e
[rf5]     4    0.8900    1        2       2  0.500   0.057  0x26ecf4f4a01bf39ce98144ef9aeddf28e9548f54
[rf5]     5    0.8858    1        3       2  0.600   0.086  0x421b26a47bb5136d045190d7870095eb29498469
[rf5]     6    0.8858    1        4       2  0.667   0.114  0xfffee3116390fc9415956617ed048d26c7c1b424
[rf5]     7    0.8858    1        5       2  0.714   0.143  0xab54f4b400bd8015e206a74f8d89362cf8eee856
[rf5]     8    0.8849    1        6       2  0.750   0.171  0x82ed2416f0a49cc02fb529b00c03582598d17cc3
[rf5]     9    0.8800    1        7       2  0.778   0.200  0x6130238e132bd12ba92244568815c2f7fe4fc5c1
[rf5]    10    0.8684    1        8       2  0.800   0.229  0x62730fede68ebedfb510e6f38da2aa2eca081741
[rf5]    11    0.8684    1        9       2  0.818   0.257  0xf1d54d55b7568e6e4c20867ccf377555cd947ffc
[rf5]    12    0.8674    1       10       2  0.833   0.286  0x8e588259e06da665020dac0e4958301a2089579e
[rf5]    13    0.8672    0       10       3  0.769   0.286  0x470e177a6cb992fcc0b6086b91d46a6d45f68fb6
[rf5]    14    0.8670    1       11       3  0.786   0.314  0xcb8ed92b702a0f2397f8cda9e4925867b7b9135e
[rf5]    15    0.8670    1       12       3  0.800   0.343  0xe1bdfa52bc9342115bbf1d41d04b8cf0bcd8f5a7
[rf5]    16    0.8626    1       13       3  0.812   0.371  0x65387d3235b2fd6ac3587df1fff2c2de2f98e523
[rf5]    17    0.8616    1       14       3  0.824   0.400  0xf1a1bcf248a0dc05bec474c229f490db00106f24
[rf5]    18    0.8605    1       15       3  0.833   0.429  0xa34d11f372e8a87acc87e3beabb32e2fe7f9ee4d
[rf5]    19    0.8582    1       16       3  0.842   0.457  0xe85f1414171cd41707dc7b256bd3db269f94a28c
[rf5]    20    0.8532    0       16       4  0.800   0.457  0x0ffcfdffec108e9869698f69c62c82eca210e5a7
[rf5]    21    0.8491    0       16       5  0.762   0.457  0x131bcf98856e2ac178509b3a5e7a891ac06597c3
[rf5]    22    0.8487    1       17       5  0.773   0.486  0xeb1cdc2f267723b577cd0d1441fe5db05d440f79
[rf5]    23    0.8461    0       17       6  0.739   0.486  0xce785a5ee27cefae536575b5adc89114e62e8093
[rf5]    24    0.8429    1       18       6  0.750   0.514  0xdad42409cf398c9149c50217e4dc4a039d9dec0b
[rf5]    25    0.8386    1       19       6  0.760   0.543  0x3e545810f8b95dd0fcf4114b0246a0dbb40ad1c5
[rf5]    26    0.8380    1       20       6  0.769   0.571  0x95bd107886bd48d6737029603e3db242fb781652
[rf5]    27    0.8364    1       21       6  0.778   0.600  0x45f402894f550357ff1d5db385c93bb9e480dd79
[rf5]    28    0.8335    0       21       7  0.750   0.600  0xc89dc66e04aa7cd9a38334cca48abf3ad45bb1f1
[rf5]    29    0.8306    1       22       7  0.759   0.629  0x4ec2f11d2893eb1bc3bab7449910540c93adf7ec
[rf5]    30    0.8305    1       23       7  0.767   0.657  0xdcce3bfa065cf5ca9a0acfe83d6ecd8279d10a15
[rf5]    31    0.8250    1       24       7  0.774   0.686  0xb7200eb4ffc3ea4bde0ef28110238bd9f539c414
[rf5]    32    0.8185    1       25       7  0.781   0.714  0x244cde3e010a8eb27f0ff588476091bd3d73f1dc
[rf5]    33    0.8174    0       25       8  0.758   0.714  0x58fab4517584b6111af0c011a4e643361e3f1b44
[rf5]    34    0.8167    1       26       8  0.765   0.743  0xeee545e9706a03e73c5d17632e2bbb6f1096cce1
[rf5]    35    0.8117    0       26       9  0.743   0.743  0xda2d327a9dd25f8460d0576e1facc3ce95da1cee
[rf5]    36    0.8035    0       26      10  0.722   0.743  0xf5be02858d86213b0ac7fc7afbaf12fd5f26195a
[rf5]    37    0.8033    1       27      10  0.730   0.771  0xf37af11e538c6eba3ddcea540ee54ca35c6354f8
[rf5]    38    0.7957    1       28      10  0.737   0.800  0x1270fccb862f069b80181dcedf7be31ec6cfc2c8
[rf5]    39    0.7927    0       28      11  0.718   0.800  0x80b6ec922b7c39c044f487c47779ca8bed8d878c
[rf5]    40    0.7912    1       29      11  0.725   0.829  0x5e0b017aef88af84fb3897fecce7413c6754981a
[rf5]    41    0.7888    1       30      11  0.732   0.857  0x344c5073e9b152a95d9f42767ac084a87fad68ab
[rf5]    42    0.7859    0       30      12  0.714   0.857  0xdaefcd102d9f3e1626cf49302b65c9073d5ee647
[rf5]    43    0.7806    1       31      12  0.721   0.886  0x22d0803925702b81d038c9b3f3aa77a3727f218f
[rf5]    44    0.7709    1       32      12  0.727   0.914  0xc0292a841a0c9a7320aa39075cffcf1b8f64f705
[rf5]    45    0.7691    1       33      12  0.733   0.943  0x943117ea8e3f5b160e158c1c4b1786fee5d3e5a0
[rf5]    46    0.7238    1       34      12  0.739   0.971  0xb390ae2cc3fd8cb2670a62129faeb775faee106c
[rf5]    47    0.7137    0       34      13  0.723   0.971  0xa50c5c5d7834e665def9f85309dbf957d644f75d
[rf5]    48    0.6336    0       34      14  0.708   0.971  0xb05dd86107a3809d6d148fe1f68da0351e40bc1a
[rf5]    49    0.6243    1       35      14  0.714   1.000  0x79963fd69baccad9bb8ab51ddfbf1f13e0630e13
[rf5]    50    0.5128    0       35      15  0.700   1.000  0xd9edd8c428fd3ce72e1c0be6b126bddc8fdfbc2e
[rf5]    51    0.4817    0       35      16  0.686   1.000  0x58804ec98542e15e2764b3acb09ff413f2dd18a0
[rf5]    52    0.3369    0       35      17  0.673   1.000  0xd3ae24a39cf21417de88b79ed72b6d28a6385b63
[rf5]    53    0.3131    0       35      18  0.660   1.000  0x951417b7773e19f60d9a581b661a028ccffbeaf1
[rf5]    54    0.3046    0       35      19  0.648   1.000  0xa67b468c188a5cc7ad8c9659dfd00210cddac941
[rf5]    55    0.2948    0       35      20  0.636   1.000  0x394ea9fc98dc616575a47975b36483777a3d23d2
[rf5]    56    0.2871    0       35      21  0.625   1.000  0x074aad8084b71edd6a0eab63caed39d66603511d
[rf5]    57    0.2536    0       35      22  0.614   1.000  0x19c97e57baf0b2443fdd607c76ed203943e7b2ce
[rf5]    58    0.2480    0       35      23  0.603   1.000  0xb8b7f00fc9a15e062550f3c83844aab463300c0c
[rf5]    59    0.2376    0       35      24  0.593   1.000  0xed521bba9cb56cc65ed25a54ed93eb6026e29e9c
[rf5]    60    0.2358    0       35      25  0.583   1.000  0xe6ef1d940d84acbb25ce574eb16613db0894418d
[rf5]    61    0.2277    0       35      26  0.574   1.000  0x10b0d2a23eed5184fe43d452bca85d063f6b9b5e
[rf5]    62    0.2181    0       35      27  0.565   1.000  0x37d10ffb61998561c5f9fb941c42c952d8fb4e28
[rf5]    63    0.2120    0       35      28  0.556   1.000  0x0329d8856892b29f995245d6bc3bb7ef1b443d96
[rf5]    64    0.2026    0       35      29  0.547   1.000  0x11aa25a1a88f199aec54b54a6b7ff747c369c2f8
[rf5]    65    0.1993    0       35      30  0.538   1.000  0xeff07c97c491e11e6ab7a6f4520e61f8fa5c1210
[rf5]    66    0.1992    0       35      31  0.530   1.000  0xe8f348dae364517f0ee9bbeac2928460335dd930
[rf5]    67    0.1949    0       35      32  0.522   1.000  0xd2f8885d33a00bac50ecb68cc100d7638759071e
[rf5]    68    0.1922    0       35      33  0.515   1.000  0x1bcd6d6ac07a22838618e95ab3d8fef55b9abb7e
[rf5]    69    0.1863    0       35      34  0.507   1.000  0x3a44416fe65918647226c32e5bfd147b34260196
[rf5]    70    0.1791    0       35      35  0.500   1.000  0x5ce19758652a0519790b68e25f204f82f7bd62fa
[rf5]    71    0.1712    0       35      36  0.493   1.000  0xe16ff104a4116cf3a834cd23b3f3391132d66d1f
[rf5]    72    0.1514    0       35      37  0.486   1.000  0x05548d347cd9c7fd5d8b985590436704024b4514
[rf5]    73    0.1496    0       35      38  0.479   1.000  0xefaf0cc43dd5970e01485217d1dabe5158d76289
[rf5]    74    0.1495    0       35      39  0.473   1.000  0x6acee3c318f3e3aad88803bfe224b309746095a9
[rf5]    75    0.1414    0       35      40  0.467   1.000  0x82c39bebf8837e68e8d85e6ddac8e17a1d09764c
[rf5]    76    0.1412    0       35      41  0.461   1.000  0x47088683f8a65fcda4239f4d30f856c6d44c7835
[rf5]    77    0.1367    0       35      42  0.455   1.000  0x4ad6f0f4e0799bf87b7fec2595b7cd6be5cebf78
[rf5]    78    0.1365    0       35      43  0.449   1.000  0xfd0b63ed8d68738e4905abc4097e9a63510ba6be
[rf5]    79    0.1362    0       35      44  0.443   1.000  0x237ec57d6bdc6c8517f745d08183c016ba0c403c
[rf5]    80    0.1354    0       35      45  0.438   1.000  0xa175b0752987ff88f111079095180df1a488a36f
[rf5]    81    0.1340    0       35      46  0.432   1.000  0xb4d0807e3447a8ac6dc52f51070d4e7caa6fa1c5
[rf5]    82    0.1337    0       35      47  0.427   1.000  0xd27b644fe8e7246246cadcacd974f4af8d8a3966
[rf5]    83    0.1276    0       35      48  0.422   1.000  0xdde758b9ce87ee0e2a91c4f2f8705d5de950b868
[rf5]    84    0.1230    0       35      49  0.417   1.000  0xf45082a309088f99e1e2a227a4911c2a2b018eb3
[rf5]    85    0.1182    0       35      50  0.412   1.000  0xab79b07cf7f7a864f3417997b758cc0a4ae24bff
[rf5]    86    0.1132    0       35      51  0.407   1.000  0x1424a9e0a0def5a86c3c6cffbd8b6c65e1b12c7f
[rf5]    87    0.1118    0       35      52  0.402   1.000  0xd0e70259b30341bec5ad1c3c073aa077f37b7ef4
[rf5]    88    0.1094    0       35      53  0.398   1.000  0x9cc5bd222e6020a7e86f10c791c25df613c36714
[rf5]    89    0.1063    0       35      54  0.393   1.000  0xfadf8833dfb222ab3da48d27d69353762606dda0
[rf5]    90    0.1026    0       35      55  0.389   1.000  0x4be1a0489801a5a5a9a41024b13f4a6182ee3fea
[rf5]    91    0.1005    0       35      56  0.385   1.000  0x5e002167ca1d6f4e423b4fb44d360f051d107dc5
[rf5]    92    0.1001    0       35      57  0.380   1.000  0xe397a5077002d4d857e08574033c806a2c9360b6
[rf5]    93    0.0980    0       35      58  0.376   1.000  0xddfe9c1985dabc00a483197262a0959d2e754c2e
[rf5]    94    0.0961    0       35      59  0.372   1.000  0xc433b9da33c17b1b256eac027873b923d054478e
[rf5]    95    0.0936    0       35      60  0.368   1.000  0x6195e441d616bc6fe41b7344e2027f91e5c54570
[rf5]    96    0.0918    0       35      61  0.365   1.000  0x74240608a5c09179445169e2deb23a4285d1a54f
[rf5]    97    0.0916    0       35      62  0.361   1.000  0xda25ac7b9d3984fb984ce247c2065ed719576998
[rf5]    98    0.0913    0       35      63  0.357   1.000  0xc7f9a6a9597b0bf2bd4ee1235b3d6d227293c491
[rf5]    99    0.0895    0       35      64  0.354   1.000  0xf80f12c256e97029057760c224524aef5d167868
[rf5]   100    0.0892    0       35      65  0.350   1.000  0x7c6a5008a0dec812b3200229968889a5c185a406
[rf5]   101    0.0889    0       35      66  0.347   1.000  0xa32ae354b32cc0b69f067850a747b4091a5f36d4
[rf5]   102    0.0820    0       35      67  0.343   1.000  0xdbb4a207c02e3f05c4ce1b02e7c934b086cbafe9
[rf5]   103    0.0817    0       35      68  0.340   1.000  0xa9e37dc9a42a5bd083e584dbbcde6723033c706f
[rf5]   104    0.0813    0       35      69  0.337   1.000  0xdb4b7bf7a5d084bb089ba81a4646e57340180b46
[rf5]   105    0.0765    0       35      70  0.333   1.000  0xa51d9879dc7a35378fc8f9f7487ffb2ea3f3b897
[rf5]   106    0.0745    0       35      71  0.330   1.000  0x77b0b896910b3388e01708521d1f92d1f5c2ba0b
[rf5]   107    0.0744    0       35      72  0.327   1.000  0x11a556a8d63c65516bc2369edff97becc94d2770
[rf5]   108    0.0743    0       35      73  0.324   1.000  0x7858d06794cfc352518ec992284aa2431b7b1cbd
[rf5]   109    0.0742    0       35      74  0.321   1.000  0x741f827ce3986563261675f03448991b15d1f6ca
[rf5]   110    0.0727    0       35      75  0.318   1.000  0x6f01eec19cc6523b741677ed870b0ac04cd7558f
[rf5]   111    0.0713    0       35      76  0.315   1.000  0x2beac05bd6b6e4a264eec239eea79af3be46df24
[rf5]   112    0.0695    0       35      77  0.312   1.000  0xf33d2aab3dd3af01829f5bbaafd8ab6511cbc852
[rf5]   113    0.0686    0       35      78  0.310   1.000  0x1b740123415b0dccff0ee15e199b3508dcb2778c
[rf5]   114    0.0674    0       35      79  0.307   1.000  0xcf8a41bf14bea62c6bf86366406e751b8eb6eadd
[rf5]   115    0.0671    0       35      80  0.304   1.000  0x0d0f7444f6601a09e75e9a523d8a6684fa4757d9
[rf5]   116    0.0666    0       35      81  0.302   1.000  0xc115985a2ec1a736a5b8212a6ad41c5568ba7b4a
[rf5]   117    0.0663    0       35      82  0.299   1.000  0x5b6331e7ff0831a3fe2ed12004747db1a9c911a4
[rf5]   118    0.0630    0       35      83  0.297   1.000  0x33acd201d6b02982b3a95b975b331bc225649334
[rf5]   119    0.0620    0       35      84  0.294   1.000  0xa54dcc04bdca68f6cf4fbf1e74e393da842b18bf
[rf5]   120    0.0609    0       35      85  0.292   1.000  0x0f214043fe6d32f8692a302270e2ce460a523d6e
[rf5]   121    0.0589    0       35      86  0.289   1.000  0x2ae085ed72ebf5beb536ce7e73a6f4c2e57cbc70
[rf5]   122    0.0586    0       35      87  0.287   1.000  0x22c030983521343a420500050dcb9ee115420267
[rf5]   123    0.0560    0       35      88  0.285   1.000  0x69ea0d77ef34f1acb03aaed901df7620fc4215cd
[rf5]   124    0.0553    0       35      89  0.282   1.000  0x1c0ad0fcf5356497560f585dc6b3d33f2b3dcbc9
[rf5]   125    0.0537    0       35      90  0.280   1.000  0xc160930494d473fe72671eb81e9458ebb37571ac
[rf5]   126    0.0512    0       35      91  0.278   1.000  0x1872ca13e77040190750bea62767df466b189ba9
[rf5]   127    0.0484    0       35      92  0.276   1.000  0xabdb30e2a40513f2c40fa48ab3702456786773da
[rf5]   128    0.0481    0       35      93  0.273   1.000  0x37a4754aa02b17da40499266c10e474268f91631
[rf5]   129    0.0472    0       35      94  0.271   1.000  0x1a57513f0dcb0789fedb13174252b28e5dc5c02b
[rf5]   130    0.0445    0       35      95  0.269   1.000  0x9c4abb471fa36400db43d5fa221c680bf2f24896
[rf5]   131    0.0441    0       35      96  0.267   1.000  0x230725d75ed7da05caffbc16cdbfeaa288db1b45
[rf5]   132    0.0354    0       35      97  0.265   1.000  0x13ff290849c6fef06efde63dfe643e62767716a3
[rf5]   133    0.0352    0       35      98  0.263   1.000  0xaface7aac5c1ea428eda2772437ce74142154a84
[rf5]   134    0.0343    0       35      99  0.261   1.000  0x83708188bb141ae02eb081e4f7131f7b2da9f352
[rf5]   135    0.0330    0       35     100  0.259   1.000  0x7e80fca8bf7a3e61fd8d2bd7f5e585fec457f17a
[rf5]   136    0.0322    0       35     101  0.257   1.000  0x7926492b3f086db8ff8e349d1037bea1650c1e34
[rf5]   137    0.0318    0       35     102  0.255   1.000  0x06dcaa14f57d8a0573f5dc5940565e6de667af59
[rf5]   138    0.0312    0       35     103  0.254   1.000  0x6bc74c392c320cfe10d5be61db978a58c8444ad4
[rf5]   139    0.0290    0       35     104  0.252   1.000  0x57e862cc576dde007bace893b51ba5c38085057e
[rf5]   140    0.0289    0       35     105  0.250   1.000  0xc2fef07ca5c2ade7b204660ea8a7e487d20c71d6
[rf5]   141    0.0287    0       35     106  0.248   1.000  0x5fef666811668d1352ebd8687d68ad2315a95840
[rf5]   142    0.0275    0       35     107  0.246   1.000  0x1521b47bf0c41f6b7fd3ad41cdec566812c8f23e
[rf5]   143    0.0273    0       35     108  0.245   1.000  0x6d5d83165b0c80a4ef13f01e3ba08602c7990ee8
[rf5]   144    0.0255    0       35     109  0.243   1.000  0x4e25605fd905e9972efc0f4d8814530c655cd7a7
[rf5]   145    0.0254    0       35     110  0.241   1.000  0x22535f30260f9e0bb2603f45d8847caedc7cf8e2
[rf5]   146    0.0246    0       35     111  0.240   1.000  0x3ecfd2f2df0ef9ed14aa715daa614946b045c870
[rf5]   147    0.0240    0       35     112  0.238   1.000  0xe7461927f98f994568411e25e1a3e401f30aff6a
[rf5]   148    0.0238    0       35     113  0.236   1.000  0x702226b14b65b1c8d05ff51759e095f09932f64e
[rf5]   149    0.0231    0       35     114  0.235   1.000  0xfd2b1925b4131dda1fdd4b6292e0339649b5de02
[rf5]   150    0.0230    0       35     115  0.233   1.000  0x06da66efe045ab24e87cdfe0b70b23b2edc2f2ed
[rf5]   151    0.0227    0       35     116  0.232   1.000  0x82c762fb547c4d02f41c9baef2258b4f0751e125
[rf5]   152    0.0223    0       35     117  0.230   1.000  0xe168b5394c715b1714b5093d22c681556d3ee559
[rf5]   153    0.0222    0       35     118  0.229   1.000  0x8f9bda594242a62008870f1d632352b889116c25
[rf5]   154    0.0221    0       35     119  0.227   1.000  0xda406e9cb4c0c357ff7fef0c0d1e97341b898142
[rf5]   155    0.0219    0       35     120  0.226   1.000  0x2f0994255febc5e67adaa43f245d99e674a6d942
[rf5]   156    0.0210    0       35     121  0.224   1.000  0xae0f21790d847393dcc4da8b4d15f72ff84cf647
[rf5]   157    0.0204    0       35     122  0.223   1.000  0xdf409ebc2cda86c98f3abf7666ff4bdc01ff38b8
[rf5]   158    0.0198    0       35     123  0.222   1.000  0x9d3ff469e93195b3fc753f38fb2f6072ffbbf19b
[rf5]   159    0.0195    0       35     124  0.220   1.000  0x81e0d0c6817669629a58ea8b08d2eb1b93492c3b
[rf5]   160    0.0194    0       35     125  0.219   1.000  0x0a793254e040027c5d1ca0c2f87cda8e22228e05
[rf5]   161    0.0187    0       35     126  0.217   1.000  0xf769c6390f6d564fe4859effbddb682c62660114
[rf5]   162    0.0186    0       35     127  0.216   1.000  0x0aae5c4ec45339a64a1dd2fe4ba98c2a19eb251c
[rf5]   163    0.0183    0       35     128  0.215   1.000  0xab46266fe8ed5c0cf795dc16627ae05629592296
[rf5]   164    0.0182    0       35     129  0.213   1.000  0x8ca197428f70eed0c0e34d08b9c04e58b69c0c54
[rf5]   165    0.0181    0       35     130  0.212   1.000  0x470a1f47c3fb22f5e4e70c778d20ccbf1928e36c
[rf5]   166    0.0180    0       35     131  0.211   1.000  0x174b27fef5e1c06ed52c1ddff29720b23cb65a55
[rf5]   167    0.0179    0       35     132  0.210   1.000  0x9642bd30d320cad7878f642566f9f5b91fc9d2ab
[rf5]   168    0.0178    0       35     133  0.208   1.000  0x4e617ec97e179213f7b4b751d706713453fb82ee
[rf5]   169    0.0176    0       35     134  0.207   1.000  0x200febf6368ca9db8b8d1c809d5d7b088b22fe99
[rf5]   170    0.0174    0       35     135  0.206   1.000  0xf67f72df65797a85dc9fd44d57adfe5b7b4a31cf
[rf5]   171    0.0169    0       35     136  0.205   1.000  0xe85fbb5dfa5e35fd27b8bddda5aa22bc621d8b0f
[rf5]   172    0.0166    0       35     137  0.203   1.000  0x31ca2fdf162e6fb34a6d77837053c9ced1b035ce
[rf5]   173    0.0156    0       35     138  0.202   1.000  0xf29560ea2bdb539ae8546a42e24040d9b18c508f
[rf5]   174    0.0152    0       35     139  0.201   1.000  0x2d4e90768c7ae9661acca6b16e605eba3e70edb0
[rf5]   175    0.0147    0       35     140  0.200   1.000  0xfe23f3506b5aa11e0f4df534faf641433064937b
[rf5]   176    0.0146    0       35     141  0.199   1.000  0xc360b7771fe7c63139076a6f9e8c34b773badbb2
[rf5]   177    0.0141    0       35     142  0.198   1.000  0x75935d040cd2795bdebb692210f9753e63fce677
[rf5]   178    0.0140    0       35     143  0.197   1.000  0x0800af6d3a2afc1b427b415baffbf11eab752fec
[rf5]   179    0.0136    0       35     144  0.196   1.000  0x50b0b5be14f256bf15c63ae78b33be7214b27dc5
[rf5]   180    0.0135    0       35     145  0.194   1.000  0xaa4696d5b52e75333946d47e667d0b9a060e5b29
[rf5]   181    0.0133    0       35     146  0.193   1.000  0x00ae235ae56a988331104bc5753f2dee196ed68f
[rf5]   182    0.0132    0       35     147  0.192   1.000  0xe0afeb157a0b7e76ce7dde16daa1f265b0362dec
[rf5]   183    0.0131    0       35     148  0.191   1.000  0x6470814e64f3085fe4586cd4939cbf985b53aac7
[rf5]   184    0.0127    0       35     149  0.190   1.000  0xfc8dce60c93690dd7a22b0024693294f0afe55c5
[rf5]   185    0.0126    0       35     150  0.189   1.000  0xcb2ff2840a6b5abffe7071b35ecdd24891200eb7
[rf5]   186    0.0126    0       35     151  0.188   1.000  0x1f85e6e3e41e5f1fe03f6cf22a52ae4e352ea51b
[rf5]   187    0.0119    0       35     152  0.187   1.000  0x062b87fc5c1433b79e350c0f558753db63979a6b
[rf5]   188    0.0117    0       35     153  0.186   1.000  0xc922b1202995e6b34697e76e1881d56ca2652a8c
[rf5]   189    0.0117    0       35     154  0.185   1.000  0x03e41e837f2a9f1e50e68aa8054ab4a38dd3a504
[rf5]   190    0.0113    0       35     155  0.184   1.000  0x803f5027e592523b51fd1aa8c509991d7c4bf6ed
[rf5]   191    0.0112    0       35     156  0.183   1.000  0x4a3e9c85342f50e89a51dd6c4e97d34558d0ac1c
[rf5]   192    0.0111    0       35     157  0.182   1.000  0x770ee3a1d4c6839ac52bcb7f838c0e83c86ab559
[rf5]   193    0.0108    0       35     158  0.181   1.000  0xf3aaa1993611a22a9a0626abe021c4bfec28d6d6
[rf5]   194    0.0108    0       35     159  0.180   1.000  0x4fdbbc57bc50f1abf77d3e68bb26e83080e90b12
[rf5]   195    0.0104    0       35     160  0.179   1.000  0xd8e4d149e4860908e319286783defecb0604ea77
[rf5]   196    0.0103    0       35     161  0.179   1.000  0x60b41cf81fc908cd755e4cd7f06e2db611fad140
[rf5]   197    0.0102    0       35     162  0.178   1.000  0xbbfe015f178cbd59deb5643dd4888d53d5b5c0ad
[rf5]   198    0.0102    0       35     163  0.177   1.000  0x9c65e79218de1bd8c4aad0fbdb69397f8f931cde
[rf5]   199    0.0101    0       35     164  0.176   1.000  0x685e556c2559da06aa59ab0d70c727285cd63fd7
[rf5]   200    0.0101    0       35     165  0.175   1.000  0xd62840cf26fab216a46c5c9e9920487098e243c1
[rf5]   201    0.0100    0       35     166  0.174   1.000  0x2707f2e693b3d20b5a17b603c532571108140afa
[rf5]   202    0.0100    0       35     167  0.173   1.000  0xeecbf295fb74c4a0a767a0efcf95ac280da86166
[rf5]   203    0.0099    0       35     168  0.172   1.000  0xe4e6aa2f9eb66b76d372d80cd91f6bc592d04bd4
[rf5]   204    0.0099    0       35     169  0.172   1.000  0x882e3b3f40a9e6c8b597dffc72d0d87dc95be757
[rf5]   205    0.0098    0       35     170  0.171   1.000  0x63c652270a37e53a170303b6b264a2aa835743a5
[rf5]   206    0.0096    0       35     171  0.170   1.000  0xbdf4b123270d5ef58a8d69ceb5ac2fdd883b59b4
[rf5]   207    0.0095    0       35     172  0.169   1.000  0x095dcfb123a4bc035ee6b0d624bab0cc964352cf
[rf5]   208    0.0095    0       35     173  0.168   1.000  0xdb1b125189913bf03405e74cbf47273b4466efb5
[rf5]   209    0.0093    0       35     174  0.167   1.000  0x23f77ff9e8eab8a6db75b4ed803497de4fa8547f
[rf5]   210    0.0092    0       35     175  0.167   1.000  0x2760925a2d2d05728c8d701f73eaabee99c9ef06
[rf5]   211    0.0092    0       35     176  0.166   1.000  0xa5ed94eb047a584083361bdbe81f83e3934d7b21
[rf5]   212    0.0090    0       35     177  0.165   1.000  0x18d422264f629f07d78a75bc5aef7d14ba11af03
[rf5]   213    0.0090    0       35     178  0.164   1.000  0xd44c2de98e5b4e2d3b9d23a9cde790f693511223
[rf5]   214    0.0089    0       35     179  0.164   1.000  0xcd6be6693e2bc11150d397caa9e6f7c6744b68f5
[rf5]   215    0.0089    0       35     180  0.163   1.000  0xdb657fd8dc9a21a28432104b655908b5aa23a419
[rf5]   216    0.0089    0       35     181  0.162   1.000  0x66d609dbda9df641eff684190a01182f6de450c7
[rf5]   217    0.0089    0       35     182  0.161   1.000  0x94bde001e4a00152490c60bebe2aab120e8c6184
[rf5]   218    0.0089    0       35     183  0.161   1.000  0x1a4f110a2813daef17d72170f97b6dabb9d69b0c
[rf5]   219    0.0089    0       35     184  0.160   1.000  0x21cd32cb22b75bc61cb80fe2fbf05bb84cdbf07c
[rf5]   220    0.0089    0       35     185  0.159   1.000  0x4ffb4c1c052e680c4901feccc519cfc74c29933a
[rf5]   221    0.0089    0       35     186  0.158   1.000  0x171eda69c3857c363f38c954e20dc9039d7be046
[rf5]   222    0.0086    0       35     187  0.158   1.000  0x770569d15dfdc4ad5c3a0ec204032812cc85a442
[rf5]   223    0.0086    0       35     188  0.157   1.000  0x16bd7cc71f6da1e77d1d8255677abc75b9bae288
[rf5]   224    0.0086    0       35     189  0.156   1.000  0xb59b573ffc4aea5a5cf6360d5c258e784363916b
[rf5]   225    0.0086    0       35     190  0.156   1.000  0x535ec2dccf77489cc0d1453f088344a2995fccd9
[rf5]   226    0.0086    0       35     191  0.155   1.000  0xbe3d34441e4fd5f3c69c5a00e694376e37964dc6
[rf5]   227    0.0086    0       35     192  0.154   1.000  0x811fe35b4ccfb689a8bf2e144498f358ae7516e3
[rf5]   228    0.0086    0       35     193  0.154   1.000  0xe39783f92ee0985f1ab5fe514030f946825abfcb
[rf5]   229    0.0086    0       35     194  0.153   1.000  0xc02147dee42356b7a4edbb1c35ac4ffa95f61fa8
[rf5]   230    0.0086    0       35     195  0.152   1.000  0xe492cfff541fa99e6ab02bbbb31ab740ece48309
[rf5]   231    0.0086    0       35     196  0.152   1.000  0x1c266db0f8529b1f25b77123e9c0c918ac2f6e31
[rf5]   232    0.0086    0       35     197  0.151   1.000  0x48da00a574fa77b8c734377db640cc7c26980419
[rf5]   233    0.0086    0       35     198  0.150   1.000  0xd6d3ac4eff7a84993e8c63078603f9e551a5161c
[rf5]   234    0.0086    0       35     199  0.150   1.000  0xa7b5bf2089e3de036ae68425461407343466fa78
[rf5]   235    0.0086    0       35     200  0.149   1.000  0xc8ab97a9089a9ff7e6ef0688e6e591a066946418
[rf5]   236    0.0086    0       35     201  0.148   1.000  0xfc2f4f50ce2f6045d35558a5e2d8d4b2ac6610c7
[rf5]   237    0.0086    0       35     202  0.148   1.000  0x575f9fb0b758d52e93342def50d678e300fc5b78
[rf5]   238    0.0086    0       35     203  0.147   1.000  0xefc9a3d319adf4ba1259feb39bbd28dddcb0a0b9
[rf5]   239    0.0086    0       35     204  0.146   1.000  0x0de44e5e476c731b9ca5671e7882e6098a462d29
[rf5]   240    0.0086    0       35     205  0.146   1.000  0x042876159be6d7b9bf89abd83e05f83a7177ae98
[rf5]   241    0.0086    0       35     206  0.145   1.000  0x999f3c7a1ec4c6b876fdc5f43aff0e8718b1da43
[rf5]   242    0.0086    0       35     207  0.145   1.000  0x8cf4d3bd0f849bdd39ce68889259d9a584e65608
[rf5]   243    0.0086    0       35     208  0.144   1.000  0x24836f8deba0a3f7d10328ffa78e4281d5fe6f2f
[rf5]   244    0.0086    0       35     209  0.143   1.000  0x5ecde7348ea5100af4360dd7a6e0a3fb1d420787
[rf5]   245    0.0086    0       35     210  0.143   1.000  0x8159e504042305104d507bea55ee644e76eff32b
[rf5] TEST confusion matrix @ thr=0.5
[[195  15]
 [  0  35]]
              precision    recall  f1-score   support

           0     1.0000    0.9286    0.9630       210
           1     0.7000    1.0000    0.8235        35

    accuracy                         0.9388       245
   macro avg     0.8500    0.9643    0.8932       245
weighted avg     0.9571    0.9388    0.9430       245

[rf5] feature importances (mean decrease in impurity):
   0.1504  unrealized_edge_per_open_token_sqrt
   0.1406  median_bet_size_usdc
   0.0954  adaptive_markout_raw_grosswt_h0p010
   0.0808  wallet_to_market_age_ratio
   0.0750  adaptive_markout_raw_grosswt_h0p070
   0.0688  herfindahl_index_markets
   0.0609  wallet_age_seconds
   0.0561  adaptive_markout_raw_grosswt_h0p200
   0.0541  unrealized_edge_per_open_token
   0.0498  adaptive_markout_raw_grosswt_h0p150
   0.0452  time_since_first_deposit_to_first_trade_seconds
   0.0364  avg_bet_size_usdc
   0.0248  wallet_minus_market_age_seconds
   0.0204  buy_markout_adj_grosswt_h0p070_lb0p150
   0.0129  realized_pnl_per_closing_trade
   0.0104  buy_markout_adj_grosswt_h0p030_lb0p200
   0.0095  n_markets_traded
   0.0082  winrate
   0.0001  high_sell_nonflattening_cash_frac_pctl90
   0.0000  funder_flagged_wallet_count
[rf5] curves saved to randomforest5_usstrikesiranbymarch1202_20260629_113958_curves.png
[rf5] saved cache/models/rf_insider_meta_v5_usstrikesiranbymarch1202_20260629_113958.joblib
[rf5] saved cache/models/rf_insider_meta_v5_usstrikesiranbymarch1202_20260629_113958.meta.json
[rf5] canonical pin -> copied to rf_insider_meta_v5_latest.*

==============================================================================
[rf5] TEST MARKET: will-axiom-be-accused-of-insider-trading
==============================================================================
[rf5] train: 744 rows (28 markets), pos=110, neg=634, auto-balanced w=5.76
[rf5] test : 49 rows, pos=7
[rf5] tuning Optuna (50 trials, GroupKFold=4)...
[rf5]   optuna best CV PR-AUC = 0.8386  (trial 43)
[rf5]   optuna done in 155.1s
[rf5] tuning RandomizedSearchCV (50 iters)...
[rf5]   random-search best CV PR-AUC = 0.8313
[rf5]   random-search done in 57.2s
[rf5] tuner winner = optuna  (optuna=0.8386, random_search=0.8313)  -> best CV PR-AUC=0.8386
[rf5] best params: {'n_estimators': 400, 'max_depth': 20, 'min_samples_split': 3, 'min_samples_leaf': 2, 'max_features': 'log2', 'class_weight': {0: 1.0, 1: 1.0}}
[rf5] final fit in 0.69s
[rf5] metrics per split:
[rf5] train   n= 744 pos=110  ROC-AUC=0.9998  PR-AUC=0.9987  P=0.9905  R=0.9455  F1=0.9674  (thr=0.5)
[rf5] test    n=  49 pos=  7  ROC-AUC=0.8741  PR-AUC=0.5114  P=0.3333  R=0.1429  F1=0.2000  (thr=0.5)
[rf5] PR-AUC gap train-test = +0.4873  (big positive = overfit)
[rf5] TEST classification @ thr=0.5: P=0.3333 R=0.1429 F1=0.2000 (TP=1, FP=2, FN=6, TN=40)
[rf5] TEST predictions, one row per wallet, sorted by prob desc:
[rf5]  rank  prob    label  cum_tp  cum_fp  prec   recall  wallet
[rf5]     1    0.6820    1        1       0  1.000   0.143  0x054ec2f0ccfdae941886a3ed306635068c716639
[rf5]     2    0.5084    0        1       1  0.500   0.143  0xd9eab53eaba81333045da5bd84ce6c833f721e89
[rf5]     3    0.5062    0        1       2  0.333   0.143  0xa2bc00398168c2ef76c81230c543ab118a227134
[rf5]     4    0.4839    1        2       2  0.500   0.286  0x6d6affce1ed04a0e9611484daf1cef5cbcf3fb40
[rf5]     5    0.4493    0        2       3  0.400   0.286  0xe31b852756937aef6a047b8de0d36196804b3fb7
[rf5]     6    0.3996    0        2       4  0.333   0.286  0xff55beaf369387d7748a31213699a51f1ca8b877
[rf5]     7    0.3817    0        2       5  0.286   0.286  0xb3768b87f4dcb77a92f2e73f5a54ef2d01ab8817
[rf5]     8    0.3364    1        3       5  0.375   0.429  0xe56526b27b96f009b31ddb46558a134047bfce48
[rf5]     9    0.3035    0        3       6  0.333   0.429  0xc8ee8150ff9bf058b2b8defd09e1bac866ffffd7
[rf5]    10    0.3017    1        4       6  0.400   0.571  0x98a96619e482700e83e8486e4f3727dba17f5381
[rf5]    11    0.2836    1        5       6  0.455   0.714  0x581f34349babaf03b2d3c8f5f60cf44ffbe19a3a
[rf5]    12    0.2568    0        5       7  0.417   0.714  0xc907f73eade151b451d970d79a39b13a7b18e852
[rf5]    13    0.2481    1        6       7  0.462   0.857  0xaab29084bcc42daff9e11b4a5a4cc55cda3eb306
[rf5]    14    0.2194    0        6       8  0.429   0.857  0x0aeb57166a5496fdfe6d02cd878ecae36e9ec405
[rf5]    15    0.2181    0        6       9  0.400   0.857  0x16c7fe0dff534c7b8faf8fee6dbddddea1a10f82
[rf5]    16    0.1911    0        6      10  0.375   0.857  0x3670279e844f5005d7ed8cc37ca562eaadef34f9
[rf5]    17    0.1901    0        6      11  0.353   0.857  0x22d53062ca2f41ee15df9b401a523eea73419aeb
[rf5]    18    0.1625    1        7      11  0.389   1.000  0x1d9af60c679cd0b577c3c4ccb4b1a4be4174426d
[rf5]    19    0.1525    0        7      12  0.368   1.000  0xc1872cdc321ce83ae361516ee22e3419579c4f67
[rf5]    20    0.1479    0        7      13  0.350   1.000  0x8192329901e78e1af09863b6c69378b35b99168d
[rf5]    21    0.1225    0        7      14  0.333   1.000  0x8432866dac9038e7a0c9bfae1635f21c695c21a3
[rf5]    22    0.1158    0        7      15  0.318   1.000  0x5e524f43357198fa815e6766f02fe686b444b064
[rf5]    23    0.1095    0        7      16  0.304   1.000  0x9bd35d55ae6c5d4900ef48e9e2ffe981ed5a3748
[rf5]    24    0.0530    0        7      17  0.292   1.000  0x66d5296705f8f0abcaa8043986c3dc9196aa9e9f
[rf5]    25    0.0501    0        7      18  0.280   1.000  0x4268978b9f58cf6e916d9878aa990cc515b70169
[rf5]    26    0.0440    0        7      19  0.269   1.000  0xd21563efd89113ed2ea602bf8562feb4332cddcf
[rf5]    27    0.0355    0        7      20  0.259   1.000  0x2b3e111fdecbe01582ba9dbedad79a94ceb2b898
[rf5]    28    0.0112    0        7      21  0.250   1.000  0xdc9d2b17dd9d903f0e33acdbc9b41c77a339efc0
[rf5]    29    0.0084    0        7      22  0.241   1.000  0x72a22d4d155079da8f50c89d4c6c03b6428e7b65
[rf5]    30    0.0056    0        7      23  0.233   1.000  0x44c1dfe43260c94ed4f1d00de2e1f80fb113ebc1
[rf5]    31    0.0055    0        7      24  0.226   1.000  0xa5ab0fe08ccffa97e2de8e5caf4d7bd7cd32ed02
[rf5]    32    0.0046    0        7      25  0.219   1.000  0x5188fa0e8a77e87bc6a58e6781fdfc4e165cc804
[rf5]    33    0.0037    0        7      26  0.212   1.000  0x5f8fe08245151828dc063df19ccbb3c9100d40cf
[rf5]    34    0.0037    0        7      27  0.206   1.000  0xb10047d6a254b2ebb306d7a7d13bf59171ab6461
[rf5]    35    0.0037    0        7      28  0.200   1.000  0x2d58182d23f73967a9eff97a6020b73b7b891aea
[rf5]    36    0.0037    0        7      29  0.194   1.000  0x0c97325a81ad05c6b58ae30d12eaaec1b8451b68
[rf5]    37    0.0031    0        7      30  0.189   1.000  0x4429fafc9675b330beaa808dbcfa74aeb04c4409
[rf5]    38    0.0019    0        7      31  0.184   1.000  0xcf6a714618a328c608a1c70cb62a31a6bef3f9d0
[rf5]    39    0.0013    0        7      32  0.179   1.000  0xb2fc56f2f4ef3e34b59a6d603b084ffb34f71881
[rf5]    40    0.0008    0        7      33  0.175   1.000  0xf67f72df65797a85dc9fd44d57adfe5b7b4a31cf
[rf5]    41    0.0000    0        7      34  0.171   1.000  0x0260366a9add43c25d4f4d35d2210526c6750d88
[rf5]    42    0.0000    0        7      35  0.167   1.000  0xc5d563a36ae78145c45a50134d48a1215220f80a
[rf5]    43    0.0000    0        7      36  0.163   1.000  0xec593b3c1a9a0ed15e597dc4ea09cafbffe3bb35
[rf5]    44    0.0000    0        7      37  0.159   1.000  0x076ca0207aaa48365da2eb6a917edcbdee5e4e7b
[rf5]    45    0.0000    0        7      38  0.156   1.000  0x7744bfd749a70020d16a1fcbac1d064761c9999e
[rf5]    46    0.0000    0        7      39  0.152   1.000  0x828d1dc3586d7aacbc8de4916685690b1453c9a5
[rf5]    47    0.0000    0        7      40  0.149   1.000  0x6bab41a0dc40d6dd4c1a915b8c01969479fd1292
[rf5]    48    0.0000    0        7      41  0.146   1.000  0x50261ea1791d99d4b8e8f65b9e602390a1cbcd15
[rf5]    49    0.0000    0        7      42  0.143   1.000  0xedf72350cc1d1fc9b02186f33a19a27108e24003
[rf5] TEST confusion matrix @ thr=0.5
[[40  2]
 [ 6  1]]
              precision    recall  f1-score   support

           0     0.8696    0.9524    0.9091        42
           1     0.3333    0.1429    0.2000         7

    accuracy                         0.8367        49
   macro avg     0.6014    0.5476    0.5545        49
weighted avg     0.7930    0.8367    0.8078        49

[rf5] feature importances (mean decrease in impurity):
   0.1598  buy_markout_adj_grosswt_h0p070_lb0p150
   0.0940  buy_markout_adj_grosswt_h0p030_lb0p200
   0.0887  median_bet_size_usdc
   0.0635  adaptive_markout_raw_grosswt_h0p070
   0.0634  adaptive_markout_raw_grosswt_h0p010
   0.0597  unrealized_edge_per_open_token
   0.0588  adaptive_markout_raw_grosswt_h0p150
   0.0562  adaptive_markout_raw_grosswt_h0p200
   0.0531  avg_bet_size_usdc
   0.0496  time_since_first_deposit_to_first_trade_seconds
   0.0489  unrealized_edge_per_open_token_sqrt
   0.0449  wallet_age_seconds
   0.0422  wallet_minus_market_age_seconds
   0.0368  herfindahl_index_markets
   0.0347  wallet_to_market_age_ratio
   0.0225  n_markets_traded
   0.0118  winrate
   0.0104  realized_pnl_per_closing_trade
   0.0011  high_sell_nonflattening_cash_frac_pctl90
   0.0000  funder_flagged_wallet_count
[rf5] curves saved to randomforest5_willaxiombeaccusedofinsi_20260629_113958_curves.png
[rf5] saved cache/models/rf_insider_meta_v5_willaxiombeaccusedofinsi_20260629_113958.joblib
[rf5] saved cache/models/rf_insider_meta_v5_willaxiombeaccusedofinsi_20260629_113958.meta.json

==============================================================================
[rf5] TEST MARKET: microstrategy-announces-1000-btc-purchase-december-2-8
==============================================================================
[rf5] train: 751 rows (28 markets), pos=111, neg=640, auto-balanced w=5.77
[rf5] test : 42 rows, pos=6
[rf5] tuning Optuna (50 trials, GroupKFold=4)...
[rf5]   optuna best CV PR-AUC = 0.8422  (trial 45)
[rf5]   optuna done in 167.6s
[rf5] tuning RandomizedSearchCV (50 iters)...
[rf5]   random-search best CV PR-AUC = 0.8392
[rf5]   random-search done in 68.9s
[rf5] tuner winner = optuna  (optuna=0.8422, random_search=0.8392)  -> best CV PR-AUC=0.8422
[rf5] best params: {'n_estimators': 500, 'max_depth': 5, 'min_samples_split': 18, 'min_samples_leaf': 6, 'max_features': 'sqrt', 'class_weight': {0: 1.0, 1: 8.0}}
[rf5] final fit in 0.97s
[rf5] metrics per split:
[rf5] train   n= 751 pos=111  ROC-AUC=0.9930  PR-AUC=0.9619  P=0.7810  R=0.9640  F1=0.8629  (thr=0.5)
[rf5] test    n=  42 pos=  6  ROC-AUC=0.8704  PR-AUC=0.4202  P=0.4545  R=0.8333  F1=0.5882  (thr=0.5)
[rf5] PR-AUC gap train-test = +0.5417  (big positive = overfit)
[rf5] TEST classification @ thr=0.5: P=0.4545 R=0.8333 F1=0.5882 (TP=5, FP=6, FN=1, TN=30)
[rf5] TEST predictions, one row per wallet, sorted by prob desc:
[rf5]  rank  prob    label  cum_tp  cum_fp  prec   recall  wallet
[rf5]     1    0.9035    0        0       1  0.000   0.000  0x5652090d21c85a9d1ca5b6a41fe07f3099fb00c9
[rf5]     2    0.8151    0        0       2  0.000   0.000  0xb574bcbc87bae0b9e95a7075bf67922612871331
[rf5]     3    0.8145    1        1       2  0.333   0.167  0x5d55e3cf7a108e462186bedb04e090d4cd033bdf
[rf5]     4    0.7954    1        2       2  0.500   0.333  0x976685b6e867a0400085b1273309e84cd0fc627c
[rf5]     5    0.7168    0        2       3  0.400   0.333  0x5c4a70cd92d44167ecd843aa80c887d181914737
[rf5]     6    0.6882    0        2       4  0.333   0.333  0x98009921271623a77e967de26e9b2dc5da24532c
[rf5]     7    0.6395    0        2       5  0.286   0.333  0xe287a1e8925e46cafd2392ef044cc789083bfb29
[rf5]     8    0.6364    0        2       6  0.250   0.333  0xc084ec8da72e51b4a8e4b033967aca9e8074c547
[rf5]     9    0.5247    1        3       6  0.333   0.500  0x6e1a7bd753e97eaa367f45f4229d82f176475633
[rf5]    10    0.5176    1        4       6  0.400   0.667  0xaab69d14e74adf2e46459af9a6b512dbedd2f297
[rf5]    11    0.5123    1        5       6  0.455   0.833  0x0d832e843cd972ffc9549ed1b6cd6aabf1c49fc7
[rf5]    12    0.4760    1        6       6  0.500   1.000  0x567500e942fa8ea41bea3272014565d6466959bc
[rf5]    13    0.4390    0        6       7  0.462   1.000  0x91527e652fa6b190248b900b68f4a8ec5a42a52a
[rf5]    14    0.2922    0        6       8  0.429   1.000  0xf2f76dcd2619d0c67a674a4c41e95afaaf6a146a
[rf5]    15    0.2544    0        6       9  0.400   1.000  0xf32898291d309e3c5e499c85ddd03a13268c219c
[rf5]    16    0.1686    0        6      10  0.375   1.000  0xd27652b19293d3bb6157adde1005a1de0356b562
[rf5]    17    0.1000    0        6      11  0.353   1.000  0x0d1436519a8ba4cf9b5244d0337258e767ffc06d
[rf5]    18    0.0869    0        6      12  0.333   1.000  0x1a475c96573121a913ae61cbc57005c6c0e4846f
[rf5]    19    0.0704    0        6      13  0.316   1.000  0x8ee31afcbd86a2ed868476ef243030a61e7d66af
[rf5]    20    0.0658    0        6      14  0.300   1.000  0xa6d9b55a6a3a54a9d50ca94c64f00af69c50fd2f
[rf5]    21    0.0635    0        6      15  0.286   1.000  0xf5b4adda2310d05d7d7e9e685943b88dad289c70
[rf5]    22    0.0554    0        6      16  0.273   1.000  0x6ffb4354cbe6e0f9989e3b55564ec5fb8646a834
[rf5]    23    0.0534    0        6      17  0.261   1.000  0xb1a279adb096d316b1b168993e8ed976d3cd372a
[rf5]    24    0.0409    0        6      18  0.250   1.000  0xa0c37cb0587b0dd1542f794bcfa345762bba5b9a
[rf5]    25    0.0381    0        6      19  0.240   1.000  0xdadf44c8ae805f2cdcc7b3f2c28933443725b1ed
[rf5]    26    0.0341    0        6      20  0.231   1.000  0x58f505950ae2d9fc76c906d6372b01f60fe3be7b
[rf5]    27    0.0325    0        6      21  0.222   1.000  0xc1b399b26020a4f689108e9640fd3dc8ffc8501c
[rf5]    28    0.0320    0        6      22  0.214   1.000  0xff76dd29f8376dfdaac3aa470467d6ca38c59c05
[rf5]    29    0.0300    0        6      23  0.207   1.000  0xd6f105155c7a0f19cb226bf67d6828a7fb6011ee
[rf5]    30    0.0211    0        6      24  0.200   1.000  0xc781e8dd03946230f2f32ab36077998bcb4a59d7
[rf5]    31    0.0207    0        6      25  0.194   1.000  0x6bab41a0dc40d6dd4c1a915b8c01969479fd1292
[rf5]    32    0.0095    0        6      26  0.188   1.000  0x7bb7bccc02fec3d93b311695a42b251e465e44f2
[rf5]    33    0.0034    0        6      27  0.182   1.000  0x1e1f17412069c0736adfaadf8ee7f46e5612c855
[rf5]    34    0.0022    0        6      28  0.176   1.000  0x7a146c5e70c092d06be27097a5c770b49d0bd748
[rf5]    35    0.0009    0        6      29  0.171   1.000  0xa588aa3010f03d742a7b9b259970df2f08f5dad8
[rf5]    36    0.0008    0        6      30  0.167   1.000  0x4bfb41d5b3570defd03c39a9a4d8de6bd8b8982e
[rf5]    37    0.0008    0        6      31  0.162   1.000  0xa4b366ad22fc0d06f1e934ff468e8922431a87b8
[rf5]    38    0.0008    0        6      32  0.158   1.000  0xd189664c5308903476f9f079820431e4fd7d06f4
[rf5]    39    0.0007    0        6      33  0.154   1.000  0x0260366a9add43c25d4f4d35d2210526c6750d88
[rf5]    40    0.0007    0        6      34  0.150   1.000  0xb2a3bf58e527714ffa8e4de52218186cd658e321
[rf5]    41    0.0006    0        6      35  0.146   1.000  0x551e72eda42a5ab39d6d78239a1d9bbb5db6b0e0
[rf5]    42    0.0002    0        6      36  0.143   1.000  0x80ab6ab7646efb38367ea5a180f29042fab16c7a
[rf5] TEST confusion matrix @ thr=0.5
[[30  6]
 [ 1  5]]
              precision    recall  f1-score   support

           0     0.9677    0.8333    0.8955        36
           1     0.4545    0.8333    0.5882         6

    accuracy                         0.8333        42
   macro avg     0.7111    0.8333    0.7419        42
weighted avg     0.8944    0.8333    0.8516        42

[rf5] feature importances (mean decrease in impurity):
   0.1081  wallet_age_seconds
   0.0916  time_since_first_deposit_to_first_trade_seconds
   0.0786  adaptive_markout_raw_grosswt_h0p150
   0.0748  herfindahl_index_markets
   0.0745  unrealized_edge_per_open_token_sqrt
   0.0711  avg_bet_size_usdc
   0.0669  adaptive_markout_raw_grosswt_h0p070
   0.0649  adaptive_markout_raw_grosswt_h0p010
   0.0626  median_bet_size_usdc
   0.0584  wallet_minus_market_age_seconds
   0.0519  adaptive_markout_raw_grosswt_h0p200
   0.0491  unrealized_edge_per_open_token
   0.0475  wallet_to_market_age_ratio
   0.0288  buy_markout_adj_grosswt_h0p070_lb0p150
   0.0277  buy_markout_adj_grosswt_h0p030_lb0p200
   0.0244  n_markets_traded
   0.0092  winrate
   0.0090  realized_pnl_per_closing_trade
   0.0009  high_sell_nonflattening_cash_frac_pctl90
   0.0000  funder_flagged_wallet_count
[rf5] curves saved to randomforest5_microstrategyannounces10_20260629_113958_curves.png
[rf5] saved cache/models/rf_insider_meta_v5_microstrategyannounces10_20260629_113958.joblib
[rf5] saved cache/models/rf_insider_meta_v5_microstrategyannounces10_20260629_113958.meta.json

==============================================================================
[rf5] TEST MARKET: will-draftkings-launch-a-prediction-market-in-2025
==============================================================================
[rf5] train: 772 rows (28 markets), pos=114, neg=658, auto-balanced w=5.77
[rf5] test : 21 rows, pos=3
[rf5] tuning Optuna (50 trials, GroupKFold=4)...
[rf5]   optuna best CV PR-AUC = 0.8035  (trial 19)
[rf5]   optuna done in 157.1s
[rf5] tuning RandomizedSearchCV (50 iters)...
[rf5]   random-search best CV PR-AUC = 0.7885
[rf5]   random-search done in 62.2s
[rf5] tuner winner = optuna  (optuna=0.8035, random_search=0.7885)  -> best CV PR-AUC=0.8035
[rf5] best params: {'n_estimators': 300, 'max_depth': 3, 'min_samples_split': 10, 'min_samples_leaf': 7, 'max_features': 'sqrt', 'class_weight': {0: 1.0, 1: 8.0}}
[rf5] final fit in 0.54s
[rf5] metrics per split:
[rf5] train   n= 772 pos=114  ROC-AUC=0.9846  PR-AUC=0.9257  P=0.6968  R=0.9474  F1=0.8030  (thr=0.5)
[rf5] test    n=  21 pos=  3  ROC-AUC=0.9259  PR-AUC=0.7000  P=0.5000  R=0.6667  F1=0.5714  (thr=0.5)
[rf5] PR-AUC gap train-test = +0.2257  (big positive = overfit)
[rf5] TEST classification @ thr=0.5: P=0.5000 R=0.6667 F1=0.5714 (TP=2, FP=2, FN=1, TN=16)
[rf5] TEST predictions, one row per wallet, sorted by prob desc:
[rf5]  rank  prob    label  cum_tp  cum_fp  prec   recall  wallet
[rf5]     1    0.8925    1        1       0  1.000   0.333  0x8dc5fcff363eef19ad5f0bfce9f1fa216d456706
[rf5]     2    0.7009    0        1       1  0.500   0.333  0xa8303b1d51c836ce7c82e44d12129096ce192502
[rf5]     3    0.6372    0        1       2  0.333   0.333  0x4f1323934e1959b5b9a857f04f7f9449f2461b9b
[rf5]     4    0.6300    1        2       2  0.500   0.667  0x55ea982cebff271722419595e0659ef297b48d7c
[rf5]     5    0.4886    1        3       2  0.600   1.000  0xbd810a483eb846da535405a442532f86dcfe1f7f
[rf5]     6    0.4537    0        3       3  0.500   1.000  0x9db778f46b7c9b458045764a67ff4afcae917e1f
[rf5]     7    0.3279    0        3       4  0.429   1.000  0xd09370aad9414257683a615693e505e2e549962b
[rf5]     8    0.0976    0        3       5  0.375   1.000  0xfa323e40632edca701abc6c8cf1f82175909bd9a
[rf5]     9    0.0950    0        3       6  0.333   1.000  0x06ecb7e739f5455922ce57e83284f132c7f0f845
[rf5]    10    0.0814    0        3       7  0.300   1.000  0xbd94d25036dcd40ca464e92446c837adcd0d0b01
[rf5]    11    0.0584    0        3       8  0.273   1.000  0x7131cb618fb195c70e8e629c45199096833c29cc
[rf5]    12    0.0251    0        3       9  0.250   1.000  0x44c1dfe43260c94ed4f1d00de2e1f80fb113ebc1
[rf5]    13    0.0251    0        3      10  0.231   1.000  0x614dc8d3542c12103d2c6a3553fd761e391d1546
[rf5]    14    0.0251    0        3      11  0.214   1.000  0xbb9c165825e9f233d1f611b50b193fe94513072b
[rf5]    15    0.0179    0        3      12  0.200   1.000  0x0624cbab36f51f39cd9a86133189326d7f38053f
[rf5]    16    0.0150    0        3      13  0.188   1.000  0x421bf8e567f99bb544f317f38fe71719dbb6ac12
[rf5]    17    0.0143    0        3      14  0.176   1.000  0x21ffd2b7a212a6f277ed3eca1a9f8efcbca90d71
[rf5]    18    0.0143    0        3      15  0.167   1.000  0x75e765216a57942d738d880ffcda854d9f869080
[rf5]    19    0.0142    0        3      16  0.158   1.000  0x5188fa0e8a77e87bc6a58e6781fdfc4e165cc804
[rf5]    20    0.0117    0        3      17  0.150   1.000  0xbacd00c9080a82ded56f504ee8810af732b0ab35
[rf5]    21    0.0111    0        3      18  0.143   1.000  0x6b0ebbef2630b9a0da35594bf7ddd1911246e3ea
[rf5] TEST confusion matrix @ thr=0.5
[[16  2]
 [ 1  2]]
              precision    recall  f1-score   support

           0     0.9412    0.8889    0.9143        18
           1     0.5000    0.6667    0.5714         3

    accuracy                         0.8571        21
   macro avg     0.7206    0.7778    0.7429        21
weighted avg     0.8782    0.8571    0.8653        21

[rf5] feature importances (mean decrease in impurity):
   0.0910  adaptive_markout_raw_grosswt_h0p070
   0.0843  adaptive_markout_raw_grosswt_h0p010
   0.0826  unrealized_edge_per_open_token_sqrt
   0.0821  median_bet_size_usdc
   0.0800  avg_bet_size_usdc
   0.0794  adaptive_markout_raw_grosswt_h0p150
   0.0785  wallet_age_seconds
   0.0764  unrealized_edge_per_open_token
   0.0679  time_since_first_deposit_to_first_trade_seconds
   0.0593  herfindahl_index_markets
   0.0540  adaptive_markout_raw_grosswt_h0p200
   0.0497  wallet_minus_market_age_seconds
   0.0385  wallet_to_market_age_ratio
   0.0224  n_markets_traded
   0.0188  buy_markout_adj_grosswt_h0p030_lb0p200
   0.0176  buy_markout_adj_grosswt_h0p070_lb0p150
   0.0104  winrate
   0.0068  realized_pnl_per_closing_trade
   0.0003  high_sell_nonflattening_cash_frac_pctl90
   0.0000  funder_flagged_wallet_count
[rf5] curves saved to randomforest5_willdraftkingslaunchapre_20260629_113958_curves.png
[rf5] saved cache/models/rf_insider_meta_v5_willdraftkingslaunchapre_20260629_113958.joblib
[rf5] saved cache/models/rf_insider_meta_v5_willdraftkingslaunchapre_20260629_113958.meta.json

==============================================================================
[rf5] TEST MARKET: will-stable-launch-a-token-in-2025
==============================================================================
[rf5] train: 773 rows (28 markets), pos=113, neg=660, auto-balanced w=5.84
[rf5] test : 20 rows, pos=4
[rf5] tuning Optuna (50 trials, GroupKFold=4)...
[rf5]   optuna best CV PR-AUC = 0.8416  (trial 24)
[rf5]   optuna done in 130.4s
[rf5] tuning RandomizedSearchCV (50 iters)...
[rf5]   random-search best CV PR-AUC = 0.8413
[rf5]   random-search done in 64.0s
[rf5] tuner winner = optuna  (optuna=0.8416, random_search=0.8413)  -> best CV PR-AUC=0.8416
[rf5] best params: {'n_estimators': 400, 'max_depth': 12, 'min_samples_split': 8, 'min_samples_leaf': 8, 'max_features': 0.5, 'class_weight': {0: 1.0, 1: 8.0}}
[rf5] final fit in 1.07s
[rf5] metrics per split:
[rf5] train   n= 773 pos=113  ROC-AUC=0.9940  PR-AUC=0.9660  P=0.7551  R=0.9823  F1=0.8538  (thr=0.5)
[rf5] test    n=  20 pos=  4  ROC-AUC=1.0000  PR-AUC=1.0000  P=1.0000  R=0.7500  F1=0.8571  (thr=0.5)
[rf5] PR-AUC gap train-test = -0.0340  (big positive = overfit)
[rf5] TEST classification @ thr=0.5: P=1.0000 R=0.7500 F1=0.8571 (TP=3, FP=0, FN=1, TN=16)
[rf5] TEST predictions, one row per wallet, sorted by prob desc:
[rf5]  rank  prob    label  cum_tp  cum_fp  prec   recall  wallet
[rf5]     1    0.8208    1        1       0  1.000   0.250  0x185ffa4bd5bebfd8a463b905137ebd801bb7053c
[rf5]     2    0.8065    1        2       0  1.000   0.500  0x4b7e367dd40de1d629a09bc414ec7b14e97c8736
[rf5]     3    0.5177    1        3       0  1.000   0.750  0xe3a1bd7fa34f49c5e11eb20787400090d9cd1ede
[rf5]     4    0.0336    1        4       0  1.000   1.000  0xc8809a2756d80cbbf5c81a685f2ce113b3242c56
[rf5]     5    0.0240    0        4       1  0.800   1.000  0x40f0a23417676555c3e8b4993fb29cfee8d2f925
[rf5]     6    0.0193    0        4       2  0.667   1.000  0x4d49acb0ae1c463eb5b1947d174141b812ba7450
[rf5]     7    0.0099    0        4       3  0.571   1.000  0x956fcf62e065a206e1ad1dcf0740905d4407f960
[rf5]     8    0.0072    0        4       4  0.500   1.000  0xdef0280dcf7a56aa8bacee40c86a7670647f3d06
[rf5]     9    0.0052    0        4       5  0.444   1.000  0xfdd9cbf51e4813c5e674b0baf9ff48e46c778ea6
[rf5]    10    0.0034    0        4       6  0.400   1.000  0x2785e7022dc20757108204b13c08cea8613b70ae
[rf5]    11    0.0031    0        4       7  0.364   1.000  0xf2b6d922dc212c5f6ff3444350a2b9b85c5580b9
[rf5]    12    0.0030    0        4       8  0.333   1.000  0xe3b674cd19b79ab59462b87b9ceaa4b4879b86ab
[rf5]    13    0.0016    0        4       9  0.308   1.000  0xc60437e21520ddb05334039cbe412528f5a051e6
[rf5]    14    0.0012    0        4      10  0.286   1.000  0x73e4c57a583a629005192247852e8fe98b6a3097
[rf5]    15    0.0011    0        4      11  0.267   1.000  0xf5d1bbe457de304e30b52bd51d7b78982c193c94
[rf5]    16    0.0000    0        4      12  0.250   1.000  0x4bfb41d5b3570defd03c39a9a4d8de6bd8b8982e
[rf5]    17    0.0000    0        4      13  0.235   1.000  0xd58eb86835883a621bb7c98c6dd4f460dd0d6712
[rf5]    18    0.0000    0        4      14  0.222   1.000  0x5bffcf561bcae83af680ad600cb99f1184d6ffbe
[rf5]    19    0.0000    0        4      15  0.211   1.000  0x68fe494c5ca794f3f247f4ec2a8bf95e3ef28792
[rf5]    20    0.0000    0        4      16  0.200   1.000  0x69aa9fa621403e3a121b29ad77d32ba9eb5e8847
[rf5] TEST confusion matrix @ thr=0.5
[[16  0]
 [ 1  3]]
              precision    recall  f1-score   support

           0     0.9412    1.0000    0.9697        16
           1     1.0000    0.7500    0.8571         4

    accuracy                         0.9500        20
   macro avg     0.9706    0.8750    0.9134        20
weighted avg     0.9529    0.9500    0.9472        20

[rf5] feature importances (mean decrease in impurity):
   0.1374  unrealized_edge_per_open_token_sqrt
   0.1062  adaptive_markout_raw_grosswt_h0p070
   0.0906  adaptive_markout_raw_grosswt_h0p010
   0.0875  herfindahl_index_markets
   0.0854  time_since_first_deposit_to_first_trade_seconds
   0.0843  median_bet_size_usdc
   0.0728  avg_bet_size_usdc
   0.0712  wallet_age_seconds
   0.0495  adaptive_markout_raw_grosswt_h0p200
   0.0430  adaptive_markout_raw_grosswt_h0p150
   0.0395  wallet_minus_market_age_seconds
   0.0289  buy_markout_adj_grosswt_h0p030_lb0p200
   0.0289  wallet_to_market_age_ratio
   0.0264  n_markets_traded
   0.0186  unrealized_edge_per_open_token
   0.0165  buy_markout_adj_grosswt_h0p070_lb0p150
   0.0073  realized_pnl_per_closing_trade
   0.0060  winrate
   0.0002  high_sell_nonflattening_cash_frac_pctl90
   0.0000  funder_flagged_wallet_count
[rf5] curves saved to randomforest5_willstablelaunchatokenin_20260629_113958_curves.png
[rf5] saved cache/models/rf_insider_meta_v5_willstablelaunchatokenin_20260629_113958.joblib
[rf5] saved cache/models/rf_insider_meta_v5_willstablelaunchatokenin_20260629_113958.meta.json

==============================================================================
[rf5] SUMMARY across diverse test markets (20 feat: top-10 behav + top-10 meta, tuned per market)
==============================================================================
  test market                                       n/pos  winner         CV-PR    ROC     PR     P     R    F1
  us-strikes-iran-by-march-1-2026-492              245/35  random_search 0.789 0.972 0.746 0.70 1.00 0.82
  will-axiom-be-accused-of-insider-trading           49/7  optuna        0.839 0.874 0.511 0.33 0.14 0.20
  microstrategy-announces-1000-btc-purchase-dece     42/6  optuna        0.842 0.870 0.420 0.45 0.83 0.59
  will-draftkings-launch-a-prediction-market-in-     21/3  optuna        0.804 0.926 0.700 0.50 0.67 0.57
  will-stable-launch-a-token-in-2025                 20/4  optuna        0.842 1.000 1.000 1.00 0.75 0.86

[rf5] mean test PR-AUC  = 0.6756 ± 0.2015  (over 5 markets)
[rf5] mean test ROC-AUC = 0.9285 ± 0.0516

[rf5] comparison on canonical pin (us-strikes-iran-by-march-1-2026-492):
  xgb 20-feat v2 (behavioral)         ROC-AUC=0.9995  PR-AUC=0.9969
  cb  10-feat v2 (behavioral)         ROC-AUC=0.9947  PR-AUC=0.9661
  rf  10-feat + 17meta v3             ROC-AUC=0.9925  PR-AUC=0.9332
  xgb 10-feat + 17meta v5             ROC-AUC=0.9882  PR-AUC=0.8923
  xgb 20-feat + 10meta v7             ROC-AUC=0.9893  PR-AUC=0.8694
  xgb metadata-only v6                ROC-AUC=0.9506  PR-AUC=0.6690
  rf  10-feat + 10meta v5 (this run)  ROC-AUC=0.9718  PR-AUC=0.7462

[rf5] summary saved to cache/models/rf_insider_meta_v5_summary_20260629_113958.json
