11:02:00 [auditprec] ========================================================================
11:02:00 [auditprec] audit_pair_precision starting, log=audit_out/recall95/auditprec_willcardibperformdur_87856626_20260715_110200.log
11:02:00 [auditprec] wallet=0x8785662663372eab8d76ae9d850e5c09adca8cc1
11:02:00 [auditprec] market=will-cardi-b-perform-during-the-super-bowl-lx-halftime-show
11:02:00 [auditprec] objective: max precision s.t. recall >= 0.95 per model
11:02:00 [auditprec] labelled data: 793 rows, 117 insiders, 29 markets
11:02:01 [auditprec] models to score: 36
11:02:01 [auditprec] events: loading market + events from cache cache/events/will-cardi-b-perform-during-the-super-bowl-lx-halftime-show.pkl
11:02:01 [auditprec] events: 32556 loaded from cache (offline-ok)
11:02:01 [auditprec] features: computing 58 behavioral features
11:02:05 [auditprec] features: computing 17 metadata features (api_key=MISSING -> funder feats NaN)
11:02:05 [auditprec] pair context: vol=$10,459  n_trades=22  winrate=0.0  herfindahl=1.0
11:02:08 [auditprec] skip stack_insider_30feat: no predict_proba/decision_function
11:02:09 [auditprec] ========================================================================
11:02:09 [auditprec] PER-MODEL (threshold tuned for recall >= 0.95 on held-out test split; maximizing precision)
11:02:09 [auditprec] ------------------------------------------------------------------------
11:02:09 [auditprec] MODEL  rf 10b+17m v4 (axiom)   [tag=rf_insider_meta_v4, algo=rf, nf=27]
11:02:09 [auditprec]   pair model score   : prob=0.4933 (raw=0.4933)
11:02:09 [auditprec]   tuned threshold    : 0.2533
11:02:09 [auditprec]   held-out precision : 0.438 @ recall 1.000 (flagged 16 of 49 test rows; 7 true insiders in split)
11:02:09 [auditprec]   FLAG (tuned)       : ==> FLAGGED insider
11:02:09 [auditprec]   (saved threshold=0.500 -> default flag=no)
11:02:09 [auditprec] ------------------------------------------------------------------------
11:02:09 [auditprec] MODEL  xgb meta-only v6   [tag=xgb_insider_meta10_v6, algo=xgb, nf=10]
11:02:09 [auditprec]   pair model score   : prob=0.4846 (raw=0.8849)
11:02:09 [auditprec]   tuned threshold    : 0.0737
11:02:09 [auditprec]   held-out precision : 0.548 @ recall 0.971 (flagged 62 of 245 test rows; 35 true insiders in split)
11:02:09 [auditprec]   FLAG (tuned)       : ==> FLAGGED insider
11:02:09 [auditprec]   (saved threshold=0.150 -> default flag=YES)
11:02:09 [auditprec] ------------------------------------------------------------------------
11:02:09 [auditprec] MODEL  retrained_rf_insider_meta_v4   [tag=retrained_rf_insider_meta_v4, algo=rf, nf=27]
11:02:09 [auditprec]   pair model score   : prob=0.4733 (raw=0.4733)
11:02:09 [auditprec]   tuned threshold    : 0.2033
11:02:09 [auditprec]   held-out precision : 0.350 @ recall 1.000 (flagged 20 of 49 test rows; 7 true insiders in split)
11:02:09 [auditprec]   FLAG (tuned)       : ==> FLAGGED insider
11:02:09 [auditprec]   (saved threshold=0.500 -> default flag=no)
11:02:09 [auditprec] ------------------------------------------------------------------------
11:02:09 [auditprec] MODEL  retrained_xgb_insider_meta10_v6   [tag=retrained_xgb_insider_meta10_v6, algo=xgb, nf=10]
11:02:09 [auditprec]   pair model score   : prob=0.4342 (raw=0.8063)
11:02:09 [auditprec]   tuned threshold    : 0.0603
11:02:09 [auditprec]   held-out precision : 0.523 @ recall 0.971 (flagged 65 of 245 test rows; 35 true insiders in split)
11:02:09 [auditprec]   FLAG (tuned)       : ==> FLAGGED insider
11:02:09 [auditprec]   (saved threshold=0.150 -> default flag=YES)
11:02:09 [auditprec] ------------------------------------------------------------------------
11:02:09 [auditprec] MODEL  xgb 20feat v2 (axiom)   [tag=xgb_insider_20feat_v2_axiom, algo=xgb, nf=20]
11:02:09 [auditprec]   pair model score   : prob=0.4195 (raw=0.5920)
11:02:09 [auditprec]   tuned threshold    : 0.1025
11:02:09 [auditprec]   held-out precision : 0.368 @ recall 1.000 (flagged 19 of 49 test rows; 7 true insiders in split)
11:02:09 [auditprec]   FLAG (tuned)       : ==> FLAGGED insider
11:02:09 [auditprec]   (saved threshold=0.150 -> default flag=YES)
11:02:09 [auditprec] ------------------------------------------------------------------------
11:02:09 [auditprec] MODEL  xgb 20b+10m v7   [tag=xgb_insider_meta_v7, algo=xgb, nf=30]
11:02:09 [auditprec]   pair model score   : prob=0.4027 (raw=0.7140)
11:02:09 [auditprec]   tuned threshold    : 0.1178
11:02:09 [auditprec]   held-out precision : 0.773 @ recall 0.971 (flagged 44 of 245 test rows; 35 true insiders in split)
11:02:09 [auditprec]   FLAG (tuned)       : ==> FLAGGED insider
11:02:09 [auditprec]   (saved threshold=0.150 -> default flag=YES)
11:02:09 [auditprec] ------------------------------------------------------------------------
11:02:09 [auditprec] MODEL  retrained_rf_insider_0ir   [tag=retrained_rf_insider_0ir, algo=rf, nf=20]
11:02:09 [auditprec]   pair model score   : prob=0.3918 (raw=0.3918)
11:02:09 [auditprec]   tuned threshold    : 0.1269
11:02:09 [auditprec]   held-out precision : 0.341 @ recall 1.000 (flagged 44 of 105 test rows; 15 true insiders in split)
11:02:09 [auditprec]   FLAG (tuned)       : ==> FLAGGED insider
11:02:09 [auditprec]   (saved threshold=0.500 -> default flag=no)
11:02:09 [auditprec] ------------------------------------------------------------------------
11:02:09 [auditprec] MODEL  rf 0ir-hidden (20f)   [tag=rf_insider_0ir, algo=rf, nf=20]
11:02:09 [auditprec]   pair model score   : prob=0.3858 (raw=0.3858)
11:02:09 [auditprec]   tuned threshold    : 0.1062
11:02:09 [auditprec]   held-out precision : 0.319 @ recall 1.000 (flagged 47 of 105 test rows; 15 true insiders in split)
11:02:09 [auditprec]   FLAG (tuned)       : ==> FLAGGED insider
11:02:09 [auditprec]   (saved threshold=0.500 -> default flag=no)
11:02:09 [auditprec] ------------------------------------------------------------------------
11:02:09 [auditprec] MODEL  xgb 20feat v2 (stable)   [tag=xgb_insider_20feat_v2_stable, algo=xgb, nf=20]
11:02:09 [auditprec]   pair model score   : prob=0.3167 (raw=0.5210)
11:02:09 [auditprec]   tuned threshold    : 0.0376
11:02:09 [auditprec]   held-out precision : 0.286 @ recall 1.000 (flagged 14 of 20 test rows; 4 true insiders in split)
11:02:09 [auditprec]   FLAG (tuned)       : ==> FLAGGED insider
11:02:09 [auditprec]   (saved threshold=0.150 -> default flag=YES)
11:02:09 [auditprec] ------------------------------------------------------------------------
11:02:09 [auditprec] MODEL  retrained_xgb_insider_0ir   [tag=retrained_xgb_insider_0ir, algo=xgb, nf=30]
11:02:09 [auditprec]   pair model score   : prob=0.2491 (raw=0.5319)
11:02:09 [auditprec]   tuned threshold    : 0.0571
11:02:09 [auditprec]   held-out precision : 0.333 @ recall 1.000 (flagged 45 of 105 test rows; 15 true insiders in split)
11:02:09 [auditprec]   FLAG (tuned)       : ==> FLAGGED insider
11:02:09 [auditprec]   (saved threshold=0.150 -> default flag=YES)
11:02:09 [auditprec] ------------------------------------------------------------------------
11:02:09 [auditprec] MODEL  xgb 0ir-hidden (30f)   [tag=xgb_insider_0ir, algo=xgb, nf=30]
11:02:09 [auditprec]   pair model score   : prob=0.1711 (raw=0.3818)
11:02:09 [auditprec]   tuned threshold    : 0.0518
11:02:09 [auditprec]   held-out precision : 0.268 @ recall 1.000 (flagged 56 of 105 test rows; 15 true insiders in split)
11:02:09 [auditprec]   FLAG (tuned)       : ==> FLAGGED insider
11:02:09 [auditprec]   (saved threshold=0.150 -> default flag=YES)
11:02:09 [auditprec] ------------------------------------------------------------------------
11:02:09 [auditprec] MODEL  xgb 20feat v2   [tag=xgb_insider_20feat_v2, algo=xgb, nf=20]
11:02:09 [auditprec]   pair model score   : prob=0.1691 (raw=0.4152)
11:02:09 [auditprec]   tuned threshold    : 0.1490
11:02:09 [auditprec]   held-out precision : 0.946 @ recall 1.000 (flagged 37 of 245 test rows; 35 true insiders in split)
11:02:09 [auditprec]   FLAG (tuned)       : ==> FLAGGED insider
11:02:09 [auditprec]   (saved threshold=0.150 -> default flag=YES)
11:02:09 [auditprec] ------------------------------------------------------------------------
11:02:09 [auditprec] MODEL  logreg 30feat   [tag=lr_insider_30feat, algo=lr, nf=30]
11:02:09 [auditprec]   pair model score   : prob=0.8003 (raw=0.8003)
11:02:09 [auditprec]   tuned threshold    : N/A (no test_markets in meta)
11:02:09 [auditprec]   (saved threshold=0.500 -> default flag=YES)
11:02:09 [auditprec] ------------------------------------------------------------------------
11:02:09 [auditprec] MODEL  lgbm 30feat   [tag=lgbm_insider_30feat, algo=lgbm, nf=30]
11:02:09 [auditprec]   pair model score   : prob=0.6143 (raw=0.6143)
11:02:09 [auditprec]   tuned threshold    : N/A (no test_markets in meta)
11:02:09 [auditprec]   (saved threshold=0.500 -> default flag=YES)
11:02:09 [auditprec] ------------------------------------------------------------------------
11:02:09 [auditprec] MODEL  xgb 50feat   [tag=xgb_insider_50feat, algo=xgb, nf=50]
11:02:09 [auditprec]   pair model score   : prob=0.4329 (raw=0.4329)
11:02:09 [auditprec]   tuned threshold    : N/A (no test_markets in meta)
11:02:09 [auditprec]   (saved threshold=0.500 -> default flag=no)
11:02:09 [auditprec] ------------------------------------------------------------------------
11:02:09 [auditprec] MODEL  rf 10b+10m v5 (tuned)   [tag=rf_insider_meta_v5, algo=rf, nf=20]
11:02:09 [auditprec]   pair model score   : prob=0.3698 (raw=0.3698)
11:02:09 [auditprec]   tuned threshold    : 0.5533
11:02:09 [auditprec]   held-out precision : 0.729 @ recall 1.000 (flagged 48 of 245 test rows; 35 true insiders in split)
11:02:09 [auditprec]   FLAG (tuned)       :     not flagged
11:02:09 [auditprec]   (saved threshold=0.500 -> default flag=no)
11:02:09 [auditprec] ------------------------------------------------------------------------
11:02:09 [auditprec] MODEL  xgb 20feat v2 (mstr)   [tag=xgb_insider_20feat_v2_mstr, algo=xgb, nf=20]
11:02:09 [auditprec]   pair model score   : prob=0.3679 (raw=0.5469)
11:02:09 [auditprec]   tuned threshold    : 0.5570
11:02:09 [auditprec]   held-out precision : 0.316 @ recall 1.000 (flagged 19 of 42 test rows; 6 true insiders in split)
11:02:09 [auditprec]   FLAG (tuned)       :     not flagged
11:02:09 [auditprec]   (saved threshold=0.150 -> default flag=YES)
11:02:09 [auditprec] ------------------------------------------------------------------------
11:02:09 [auditprec] MODEL  retrained_rf_insider_meta_v5   [tag=retrained_rf_insider_meta_v5, algo=rf, nf=20]
11:02:09 [auditprec]   pair model score   : prob=0.3187 (raw=0.3187)
11:02:09 [auditprec]   tuned threshold    : 0.8050
11:02:09 [auditprec]   held-out precision : 0.791 @ recall 0.971 (flagged 43 of 245 test rows; 35 true insiders in split)
11:02:09 [auditprec]   FLAG (tuned)       :     not flagged
11:02:09 [auditprec]   (saved threshold=0.500 -> default flag=no)
11:02:09 [auditprec] ------------------------------------------------------------------------
11:02:09 [auditprec] MODEL  xgb 10b+17m v5   [tag=xgb_insider_meta_v5, algo=xgb, nf=27]
11:02:09 [auditprec]   pair model score   : prob=0.3074 (raw=0.6104)
11:02:09 [auditprec]   tuned threshold    : 0.4641
11:02:09 [auditprec]   held-out precision : 0.756 @ recall 0.971 (flagged 45 of 245 test rows; 35 true insiders in split)
11:02:09 [auditprec]   FLAG (tuned)       :     not flagged
11:02:09 [auditprec]   (saved threshold=0.150 -> default flag=YES)
11:02:09 [auditprec] ------------------------------------------------------------------------
11:02:09 [auditprec] MODEL  rf 10b+17m v3   [tag=rf_insider_meta_v3, algo=rf, nf=27]
11:02:09 [auditprec]   pair model score   : prob=0.2833 (raw=0.2833)
11:02:09 [auditprec]   tuned threshold    : 0.5067
11:02:09 [auditprec]   held-out precision : 0.778 @ recall 1.000 (flagged 45 of 245 test rows; 35 true insiders in split)
11:02:09 [auditprec]   FLAG (tuned)       :     not flagged
11:02:09 [auditprec]   (saved threshold=0.500 -> default flag=no)
11:02:09 [auditprec] ------------------------------------------------------------------------
11:02:09 [auditprec] MODEL  retrained_rf_insider_25ir   [tag=retrained_rf_insider_25ir, algo=rf, nf=20]
11:02:09 [auditprec]   pair model score   : prob=0.2777 (raw=0.2777)
11:02:09 [auditprec]   tuned threshold    : 0.6300
11:02:09 [auditprec]   held-out precision : 0.805 @ recall 0.971 (flagged 41 of 235 test rows; 34 true insiders in split)
11:02:09 [auditprec]   FLAG (tuned)       :     not flagged
11:02:09 [auditprec]   (saved threshold=0.500 -> default flag=no)
11:02:09 [auditprec] ------------------------------------------------------------------------
11:02:09 [auditprec] MODEL  rf 25ir-hidden (20f)   [tag=rf_insider_25ir, algo=rf, nf=20]
11:02:09 [auditprec]   pair model score   : prob=0.2768 (raw=0.2768)
11:02:09 [auditprec]   tuned threshold    : 0.3457
11:02:09 [auditprec]   held-out precision : 0.673 @ recall 0.971 (flagged 49 of 235 test rows; 34 true insiders in split)
11:02:09 [auditprec]   FLAG (tuned)       :     not flagged
11:02:09 [auditprec]   (saved threshold=0.500 -> default flag=no)
11:02:09 [auditprec] ------------------------------------------------------------------------
11:02:09 [auditprec] MODEL  xgb 25ir-hidden (30f)   [tag=xgb_insider_25ir, algo=xgb, nf=30]
11:02:09 [auditprec]   pair model score   : prob=0.2675 (raw=0.5611)
11:02:09 [auditprec]   tuned threshold    : 0.5190
11:02:09 [auditprec]   held-out precision : 0.846 @ recall 0.971 (flagged 39 of 235 test rows; 34 true insiders in split)
11:02:09 [auditprec]   FLAG (tuned)       :     not flagged
11:02:09 [auditprec]   (saved threshold=0.150 -> default flag=YES)
11:02:09 [auditprec] ------------------------------------------------------------------------
11:02:09 [auditprec] MODEL  retrained_xgb_insider_meta_v7   [tag=retrained_xgb_insider_meta_v7, algo=xgb, nf=30]
11:02:09 [auditprec]   pair model score   : prob=0.2495 (raw=0.5582)
11:02:09 [auditprec]   tuned threshold    : 0.2639
11:02:09 [auditprec]   held-out precision : 0.756 @ recall 0.971 (flagged 45 of 245 test rows; 35 true insiders in split)
11:02:09 [auditprec]   FLAG (tuned)       :     not flagged
11:02:09 [auditprec]   (saved threshold=0.150 -> default flag=YES)
11:02:09 [auditprec] ------------------------------------------------------------------------
11:02:09 [auditprec] MODEL  retrained_rf_insider_meta_v3   [tag=retrained_rf_insider_meta_v3, algo=rf, nf=27]
11:02:09 [auditprec]   pair model score   : prob=0.2467 (raw=0.2467)
11:02:09 [auditprec]   tuned threshold    : 0.6233
11:02:09 [auditprec]   held-out precision : 0.919 @ recall 0.971 (flagged 37 of 245 test rows; 35 true insiders in split)
11:02:09 [auditprec]   FLAG (tuned)       :     not flagged
11:02:09 [auditprec]   (saved threshold=0.500 -> default flag=no)
11:02:09 [auditprec] ------------------------------------------------------------------------
11:02:09 [auditprec] MODEL  cb 30feat v2   [tag=cb_insider_30feat_v2, algo=cb, nf=30]
11:02:09 [auditprec]   pair model score   : prob=0.2137 (raw=0.3766)
11:02:09 [auditprec]   tuned threshold    : 0.2833
11:02:09 [auditprec]   held-out precision : 0.875 @ recall 1.000 (flagged 40 of 245 test rows; 35 true insiders in split)
11:02:09 [auditprec]   FLAG (tuned)       :     not flagged
11:02:09 [auditprec]   (saved threshold=0.300 -> default flag=no)
11:02:09 [auditprec] ------------------------------------------------------------------------
11:02:09 [auditprec] MODEL  xgb 30feat v2   [tag=xgb_insider_30feat_v2, algo=xgb, nf=30]
11:02:09 [auditprec]   pair model score   : prob=0.2009 (raw=0.5038)
11:02:09 [auditprec]   tuned threshold    : 0.2454
11:02:09 [auditprec]   held-out precision : 0.875 @ recall 1.000 (flagged 40 of 245 test rows; 35 true insiders in split)
11:02:09 [auditprec]   FLAG (tuned)       :     not flagged
11:02:09 [auditprec]   (saved threshold=0.500 -> default flag=no)
11:02:09 [auditprec] ------------------------------------------------------------------------
11:02:09 [auditprec] MODEL  cb 10feat v2 (d2)   [tag=cb_insider_10feat_v2_d2, algo=cb, nf=10]
11:02:09 [auditprec]   pair model score   : prob=0.1448 (raw=0.1696)
11:02:09 [auditprec]   tuned threshold    : 0.3557
11:02:09 [auditprec]   held-out precision : 0.946 @ recall 1.000 (flagged 37 of 245 test rows; 35 true insiders in split)
11:02:09 [auditprec]   FLAG (tuned)       :     not flagged
11:02:09 [auditprec]   (saved threshold=0.300 -> default flag=no)
11:02:09 [auditprec] ------------------------------------------------------------------------
11:02:09 [auditprec] MODEL  cb 10feat v2   [tag=cb_insider_10feat_v2, algo=cb, nf=10]
11:02:09 [auditprec]   pair model score   : prob=0.1438 (raw=0.1813)
11:02:09 [auditprec]   tuned threshold    : 0.3089
11:02:09 [auditprec]   held-out precision : 0.921 @ recall 1.000 (flagged 38 of 245 test rows; 35 true insiders in split)
11:02:09 [auditprec]   FLAG (tuned)       :     not flagged
11:02:09 [auditprec]   (saved threshold=0.300 -> default flag=no)
11:02:09 [auditprec] ------------------------------------------------------------------------
11:02:09 [auditprec] MODEL  xgb 10feat v2   [tag=xgb_insider_10feat_v2, algo=xgb, nf=10]
11:02:09 [auditprec]   pair model score   : prob=0.1203 (raw=0.2580)
11:02:09 [auditprec]   tuned threshold    : 0.6434
11:02:09 [auditprec]   held-out precision : 0.946 @ recall 1.000 (flagged 37 of 245 test rows; 35 true insiders in split)
11:02:09 [auditprec]   FLAG (tuned)       :     not flagged
11:02:09 [auditprec]   (saved threshold=0.500 -> default flag=no)
11:02:09 [auditprec] ------------------------------------------------------------------------
11:02:09 [auditprec] MODEL  retrained_xgb_insider_25ir   [tag=retrained_xgb_insider_25ir, algo=xgb, nf=30]
11:02:09 [auditprec]   pair model score   : prob=0.0821 (raw=0.2795)
11:02:09 [auditprec]   tuned threshold    : 0.4239
11:02:09 [auditprec]   held-out precision : 0.825 @ recall 0.971 (flagged 40 of 235 test rows; 34 true insiders in split)
11:02:09 [auditprec]   FLAG (tuned)       :     not flagged
11:02:09 [auditprec]   (saved threshold=0.150 -> default flag=no)
11:02:09 [auditprec] ------------------------------------------------------------------------
11:02:09 [auditprec] MODEL  retrained_xgb_insider_meta_v5   [tag=retrained_xgb_insider_meta_v5, algo=xgb, nf=27]
11:02:09 [auditprec]   pair model score   : prob=0.0809 (raw=0.2412)
11:02:09 [auditprec]   tuned threshold    : 0.3535
11:02:09 [auditprec]   held-out precision : 0.833 @ recall 1.000 (flagged 42 of 245 test rows; 35 true insiders in split)
11:02:09 [auditprec]   FLAG (tuned)       :     not flagged
11:02:09 [auditprec]   (saved threshold=0.150 -> default flag=no)
11:02:09 [auditprec] ------------------------------------------------------------------------
11:02:09 [auditprec] MODEL  isoforest 30feat   [tag=iso_insider_30feat, algo=iso, nf=30]
11:02:09 [auditprec]   pair model score   : anomaly=-0.0203 (insider-score=0.0203; higher = more anomalous)
11:02:09 [auditprec]   tuned threshold    : N/A (no test_markets in meta)
11:02:09 [auditprec]   (saved threshold=None -> default flag=YES)
11:02:09 [auditprec] ------------------------------------------------------------------------
11:02:09 [auditprec] MODEL  rf 10feat v2   [tag=rf_insider_10feat_v2, algo=rf, nf=10]
11:02:09 [auditprec]   pair model score   : prob=0.0143 (raw=0.0143)
11:02:09 [auditprec]   tuned threshold    : 0.6867
11:02:09 [auditprec]   held-out precision : 0.895 @ recall 0.971 (flagged 38 of 245 test rows; 35 true insiders in split)
11:02:09 [auditprec]   FLAG (tuned)       :     not flagged
11:02:09 [auditprec]   (saved threshold=0.500 -> default flag=no)
11:02:09 [auditprec] ------------------------------------------------------------------------
11:02:09 [auditprec] MODEL  xgb 14feat   [tag=xgb_insider_14feat, algo=xgb, nf=14]
11:02:09 [auditprec]   pair model score   : prob=0.0053 (raw=0.0053)
11:02:09 [auditprec]   tuned threshold    : N/A (no test_markets in meta)
11:02:09 [auditprec]   (saved threshold=0.500 -> default flag=no)
11:02:09 [auditprec] ========================================================================
11:02:09 [auditprec] SUMMARY over 35 models
11:02:09 [auditprec]   flagged at TUNED thresholds (>= 95% recall): 12/35
11:02:09 [auditprec]   flagged at SAVED thresholds (for reference)                : 15/35
11:02:09 [auditprec]   models with no usable test split (threshold left un-tuned): 5
11:02:09 [auditprec] ---------------------------------------------------------------------------------
11:02:09 [auditprec] model                       nf    score      raw  tuned_thr   prec    rec  tuned_flag
11:02:09 [auditprec] ---------------------------------------------------------------------------------
11:02:09 [auditprec] rf 10b+17m v4 (axiom)       27   0.4933   0.4933      0.253   0.44   1.00  YES
11:02:09 [auditprec] xgb meta-only v6            10   0.4846   0.8849      0.074   0.55   0.97  YES
11:02:09 [auditprec] retrained_rf_insider_meta_v4  27   0.4733   0.4733      0.203   0.35   1.00  YES
11:02:09 [auditprec] retrained_xgb_insider_meta10_v6  10   0.4342   0.8063      0.060   0.52   0.97  YES
11:02:09 [auditprec] xgb 20feat v2 (axiom)       20   0.4195   0.5920      0.103   0.37   1.00  YES
11:02:09 [auditprec] xgb 20b+10m v7              30   0.4027   0.7140      0.118   0.77   0.97  YES
11:02:09 [auditprec] retrained_rf_insider_0ir    20   0.3918   0.3918      0.127   0.34   1.00  YES
11:02:09 [auditprec] rf 0ir-hidden (20f)         20   0.3858   0.3858      0.106   0.32   1.00  YES
11:02:09 [auditprec] xgb 20feat v2 (stable)      20   0.3167   0.5210      0.038   0.29   1.00  YES
11:02:09 [auditprec] retrained_xgb_insider_0ir   30   0.2491   0.5319      0.057   0.33   1.00  YES
11:02:09 [auditprec] xgb 0ir-hidden (30f)        30   0.1711   0.3818      0.052   0.27   1.00  YES
11:02:09 [auditprec] xgb 20feat v2               20   0.1691   0.4152      0.149   0.95   1.00  YES
11:02:09 [auditprec] logreg 30feat               30   0.8003   0.8003        N/A      -      -  N/A
11:02:09 [auditprec] lgbm 30feat                 30   0.6143   0.6143        N/A      -      -  N/A
11:02:09 [auditprec] xgb 50feat                  50   0.4329   0.4329        N/A      -      -  N/A
11:02:09 [auditprec] rf 10b+10m v5 (tuned)       20   0.3698   0.3698      0.553   0.73   1.00  no
11:02:09 [auditprec] xgb 20feat v2 (mstr)        20   0.3679   0.5469      0.557   0.32   1.00  no
11:02:09 [auditprec] retrained_rf_insider_meta_v5  20   0.3187   0.3187      0.805   0.79   0.97  no
11:02:09 [auditprec] xgb 10b+17m v5              27   0.3074   0.6104      0.464   0.76   0.97  no
11:02:09 [auditprec] rf 10b+17m v3               27   0.2833   0.2833      0.507   0.78   1.00  no
11:02:09 [auditprec] retrained_rf_insider_25ir   20   0.2777   0.2777      0.630   0.80   0.97  no
11:02:09 [auditprec] rf 25ir-hidden (20f)        20   0.2768   0.2768      0.346   0.67   0.97  no
11:02:09 [auditprec] xgb 25ir-hidden (30f)       30   0.2675   0.5611      0.519   0.85   0.97  no
11:02:09 [auditprec] retrained_xgb_insider_meta_v7  30   0.2495   0.5582      0.264   0.76   0.97  no
11:02:09 [auditprec] retrained_rf_insider_meta_v3  27   0.2467   0.2467      0.623   0.92   0.97  no
11:02:09 [auditprec] cb 30feat v2                30   0.2137   0.3766      0.283   0.88   1.00  no
11:02:09 [auditprec] xgb 30feat v2               30   0.2009   0.5038      0.245   0.88   1.00  no
11:02:09 [auditprec] cb 10feat v2 (d2)           10   0.1448   0.1696      0.356   0.95   1.00  no
11:02:09 [auditprec] cb 10feat v2                10   0.1438   0.1813      0.309   0.92   1.00  no
11:02:09 [auditprec] xgb 10feat v2               10   0.1203   0.2580      0.643   0.95   1.00  no
11:02:09 [auditprec] retrained_xgb_insider_25ir  30   0.0821   0.2795      0.424   0.82   0.97  no
11:02:09 [auditprec] retrained_xgb_insider_meta_v5  27   0.0809   0.2412      0.354   0.83   1.00  no
11:02:09 [auditprec] isoforest 30feat            30   0.0203  -0.0203        N/A      -      -  N/A
11:02:09 [auditprec] rf 10feat v2                10   0.0143   0.0143      0.687   0.89   0.97  no
11:02:09 [auditprec] xgb 14feat                  14   0.0053   0.0053        N/A      -      -  N/A
11:02:09 [auditprec] =================================================================================
11:02:09 [auditprec] wrote audit_out/recall95/auditprec_willcardibperformdur_87856626_20260715_110200_models.csv
11:02:09 [auditprec] log saved to audit_out/recall95/auditprec_willcardibperformdur_87856626_20260715_110200.log
