11:01:22 [auditprec] ========================================================================
11:01:22 [auditprec] audit_pair_precision starting, log=audit_out/recall95/auditprec_willusorisraelstrike_2370bd31_20260715_110122.log
11:01:22 [auditprec] wallet=0x2370bd3107d7b5bd55e04a991c613447dc4571cb
11:01:22 [auditprec] market=will-us-or-israel-strike-iran-by-february-28-2026-766
11:01:22 [auditprec] objective: max precision s.t. recall >= 0.95 per model
11:01:22 [auditprec] labelled data: 793 rows, 117 insiders, 29 markets
11:01:22 [auditprec] models to score: 36
11:01:22 [auditprec] events: loading market + events from cache cache/events/will-us-or-israel-strike-iran-by-february-28-2026-766.pkl
11:01:22 [auditprec] events: 36181 loaded from cache (offline-ok)
11:01:22 [auditprec] features: computing 58 behavioral features
11:01:31 [auditprec] features: computing 17 metadata features (api_key=MISSING -> funder feats NaN)
11:01:32 [auditprec] pair context: vol=$201,010  n_trades=232  winrate=0.0  herfindahl=0.6250000012500001
11:01:35 [auditprec] skip stack_insider_30feat: no predict_proba/decision_function
11:01:37 [auditprec] ========================================================================
11:01:37 [auditprec] PER-MODEL (threshold tuned for recall >= 0.95 on held-out test split; maximizing precision)
11:01:37 [auditprec] ------------------------------------------------------------------------
11:01:37 [auditprec] MODEL  xgb 20feat v2 (mstr)   [tag=xgb_insider_20feat_v2_mstr, algo=xgb, nf=20]
11:01:37 [auditprec]   pair model score   : prob=0.7150 (raw=0.8115)
11:01:37 [auditprec]   tuned threshold    : 0.5570
11:01:37 [auditprec]   held-out precision : 0.316 @ recall 1.000 (flagged 19 of 42 test rows; 6 true insiders in split)
11:01:37 [auditprec]   FLAG (tuned)       : ==> FLAGGED insider
11:01:37 [auditprec]   (saved threshold=0.150 -> default flag=YES)
11:01:37 [auditprec] ------------------------------------------------------------------------
11:01:37 [auditprec] MODEL  xgb 20feat v2 (axiom)   [tag=xgb_insider_20feat_v2_axiom, algo=xgb, nf=20]
11:01:37 [auditprec]   pair model score   : prob=0.7061 (raw=0.8672)
11:01:37 [auditprec]   tuned threshold    : 0.1025
11:01:37 [auditprec]   held-out precision : 0.368 @ recall 1.000 (flagged 19 of 49 test rows; 7 true insiders in split)
11:01:37 [auditprec]   FLAG (tuned)       : ==> FLAGGED insider
11:01:37 [auditprec]   (saved threshold=0.150 -> default flag=YES)
11:01:37 [auditprec] ------------------------------------------------------------------------
11:01:37 [auditprec] MODEL  retrained_rf_insider_25ir   [tag=retrained_rf_insider_25ir, algo=rf, nf=20]
11:01:37 [auditprec]   pair model score   : prob=0.6695 (raw=0.6695)
11:01:37 [auditprec]   tuned threshold    : 0.6300
11:01:37 [auditprec]   held-out precision : 0.805 @ recall 0.971 (flagged 41 of 235 test rows; 34 true insiders in split)
11:01:37 [auditprec]   FLAG (tuned)       : ==> FLAGGED insider
11:01:37 [auditprec]   (saved threshold=0.500 -> default flag=YES)
11:01:37 [auditprec] ------------------------------------------------------------------------
11:01:37 [auditprec] MODEL  xgb 20feat v2 (stable)   [tag=xgb_insider_20feat_v2_stable, algo=xgb, nf=20]
11:01:37 [auditprec]   pair model score   : prob=0.5585 (raw=0.6934)
11:01:37 [auditprec]   tuned threshold    : 0.0376
11:01:37 [auditprec]   held-out precision : 0.286 @ recall 1.000 (flagged 14 of 20 test rows; 4 true insiders in split)
11:01:37 [auditprec]   FLAG (tuned)       : ==> FLAGGED insider
11:01:37 [auditprec]   (saved threshold=0.150 -> default flag=YES)
11:01:37 [auditprec] ------------------------------------------------------------------------
11:01:37 [auditprec] MODEL  xgb 30feat v2   [tag=xgb_insider_30feat_v2, algo=xgb, nf=30]
11:01:37 [auditprec]   pair model score   : prob=0.4641 (raw=0.7786)
11:01:37 [auditprec]   tuned threshold    : 0.2454
11:01:37 [auditprec]   held-out precision : 0.875 @ recall 1.000 (flagged 40 of 245 test rows; 35 true insiders in split)
11:01:37 [auditprec]   FLAG (tuned)       : ==> FLAGGED insider
11:01:37 [auditprec]   (saved threshold=0.500 -> default flag=no)
11:01:37 [auditprec] ------------------------------------------------------------------------
11:01:37 [auditprec] MODEL  retrained_rf_insider_meta_v4   [tag=retrained_rf_insider_meta_v4, algo=rf, nf=27]
11:01:37 [auditprec]   pair model score   : prob=0.3933 (raw=0.3933)
11:01:37 [auditprec]   tuned threshold    : 0.2033
11:01:37 [auditprec]   held-out precision : 0.350 @ recall 1.000 (flagged 20 of 49 test rows; 7 true insiders in split)
11:01:37 [auditprec]   FLAG (tuned)       : ==> FLAGGED insider
11:01:37 [auditprec]   (saved threshold=0.500 -> default flag=no)
11:01:37 [auditprec] ------------------------------------------------------------------------
11:01:37 [auditprec] MODEL  xgb 20feat v2   [tag=xgb_insider_20feat_v2, algo=xgb, nf=20]
11:01:37 [auditprec]   pair model score   : prob=0.3906 (raw=0.6636)
11:01:37 [auditprec]   tuned threshold    : 0.1490
11:01:37 [auditprec]   held-out precision : 0.946 @ recall 1.000 (flagged 37 of 245 test rows; 35 true insiders in split)
11:01:37 [auditprec]   FLAG (tuned)       : ==> FLAGGED insider
11:01:37 [auditprec]   (saved threshold=0.150 -> default flag=YES)
11:01:37 [auditprec] ------------------------------------------------------------------------
11:01:37 [auditprec] MODEL  rf 10b+17m v4 (axiom)   [tag=rf_insider_meta_v4, algo=rf, nf=27]
11:01:37 [auditprec]   pair model score   : prob=0.3867 (raw=0.3867)
11:01:37 [auditprec]   tuned threshold    : 0.2533
11:01:37 [auditprec]   held-out precision : 0.438 @ recall 1.000 (flagged 16 of 49 test rows; 7 true insiders in split)
11:01:37 [auditprec]   FLAG (tuned)       : ==> FLAGGED insider
11:01:37 [auditprec]   (saved threshold=0.500 -> default flag=no)
11:01:37 [auditprec] ------------------------------------------------------------------------
11:01:37 [auditprec] MODEL  retrained_rf_insider_0ir   [tag=retrained_rf_insider_0ir, algo=rf, nf=20]
11:01:37 [auditprec]   pair model score   : prob=0.2753 (raw=0.2753)
11:01:37 [auditprec]   tuned threshold    : 0.1269
11:01:37 [auditprec]   held-out precision : 0.341 @ recall 1.000 (flagged 44 of 105 test rows; 15 true insiders in split)
11:01:37 [auditprec]   FLAG (tuned)       : ==> FLAGGED insider
11:01:37 [auditprec]   (saved threshold=0.500 -> default flag=no)
11:01:37 [auditprec] ------------------------------------------------------------------------
11:01:37 [auditprec] MODEL  rf 0ir-hidden (20f)   [tag=rf_insider_0ir, algo=rf, nf=20]
11:01:37 [auditprec]   pair model score   : prob=0.2307 (raw=0.2307)
11:01:37 [auditprec]   tuned threshold    : 0.1062
11:01:37 [auditprec]   held-out precision : 0.319 @ recall 1.000 (flagged 47 of 105 test rows; 15 true insiders in split)
11:01:37 [auditprec]   FLAG (tuned)       : ==> FLAGGED insider
11:01:37 [auditprec]   (saved threshold=0.500 -> default flag=no)
11:01:37 [auditprec] ------------------------------------------------------------------------
11:01:37 [auditprec] MODEL  xgb 20b+10m v7   [tag=xgb_insider_meta_v7, algo=xgb, nf=30]
11:01:37 [auditprec]   pair model score   : prob=0.1664 (raw=0.4530)
11:01:37 [auditprec]   tuned threshold    : 0.1178
11:01:37 [auditprec]   held-out precision : 0.773 @ recall 0.971 (flagged 44 of 245 test rows; 35 true insiders in split)
11:01:37 [auditprec]   FLAG (tuned)       : ==> FLAGGED insider
11:01:37 [auditprec]   (saved threshold=0.150 -> default flag=YES)
11:01:37 [auditprec] ------------------------------------------------------------------------
11:01:37 [auditprec] MODEL  xgb 0ir-hidden (30f)   [tag=xgb_insider_0ir, algo=xgb, nf=30]
11:01:37 [auditprec]   pair model score   : prob=0.0867 (raw=0.1687)
11:01:37 [auditprec]   tuned threshold    : 0.0518
11:01:37 [auditprec]   held-out precision : 0.268 @ recall 1.000 (flagged 56 of 105 test rows; 15 true insiders in split)
11:01:37 [auditprec]   FLAG (tuned)       : ==> FLAGGED insider
11:01:37 [auditprec]   (saved threshold=0.150 -> default flag=no)
11:01:37 [auditprec] ------------------------------------------------------------------------
11:01:37 [auditprec] MODEL  retrained_xgb_insider_0ir   [tag=retrained_xgb_insider_0ir, algo=xgb, nf=30]
11:01:37 [auditprec]   pair model score   : prob=0.0812 (raw=0.1888)
11:01:37 [auditprec]   tuned threshold    : 0.0571
11:01:37 [auditprec]   held-out precision : 0.333 @ recall 1.000 (flagged 45 of 105 test rows; 15 true insiders in split)
11:01:37 [auditprec]   FLAG (tuned)       : ==> FLAGGED insider
11:01:37 [auditprec]   (saved threshold=0.150 -> default flag=no)
11:01:37 [auditprec] ------------------------------------------------------------------------
11:01:37 [auditprec] MODEL  xgb meta-only v6   [tag=xgb_insider_meta10_v6, algo=xgb, nf=10]
11:01:37 [auditprec]   pair model score   : prob=0.0798 (raw=0.2431)
11:01:37 [auditprec]   tuned threshold    : 0.0737
11:01:37 [auditprec]   held-out precision : 0.548 @ recall 0.971 (flagged 62 of 245 test rows; 35 true insiders in split)
11:01:37 [auditprec]   FLAG (tuned)       : ==> FLAGGED insider
11:01:37 [auditprec]   (saved threshold=0.150 -> default flag=no)
11:01:37 [auditprec] ------------------------------------------------------------------------
11:01:37 [auditprec] MODEL  retrained_xgb_insider_meta10_v6   [tag=retrained_xgb_insider_meta10_v6, algo=xgb, nf=10]
11:01:37 [auditprec]   pair model score   : prob=0.0698 (raw=0.1043)
11:01:37 [auditprec]   tuned threshold    : 0.0603
11:01:37 [auditprec]   held-out precision : 0.523 @ recall 0.971 (flagged 65 of 245 test rows; 35 true insiders in split)
11:01:37 [auditprec]   FLAG (tuned)       : ==> FLAGGED insider
11:01:37 [auditprec]   (saved threshold=0.150 -> default flag=no)
11:01:37 [auditprec] ------------------------------------------------------------------------
11:01:37 [auditprec] MODEL  lgbm 30feat   [tag=lgbm_insider_30feat, algo=lgbm, nf=30]
11:01:37 [auditprec]   pair model score   : prob=0.7972 (raw=0.7972)
11:01:37 [auditprec]   tuned threshold    : N/A (no test_markets in meta)
11:01:37 [auditprec]   (saved threshold=0.500 -> default flag=YES)
11:01:37 [auditprec] ------------------------------------------------------------------------
11:01:37 [auditprec] MODEL  logreg 30feat   [tag=lr_insider_30feat, algo=lr, nf=30]
11:01:37 [auditprec]   pair model score   : prob=0.5703 (raw=0.5703)
11:01:37 [auditprec]   tuned threshold    : N/A (no test_markets in meta)
11:01:37 [auditprec]   (saved threshold=0.500 -> default flag=YES)
11:01:37 [auditprec] ------------------------------------------------------------------------
11:01:37 [auditprec] MODEL  xgb 50feat   [tag=xgb_insider_50feat, algo=xgb, nf=50]
11:01:37 [auditprec]   pair model score   : prob=0.4955 (raw=0.4955)
11:01:37 [auditprec]   tuned threshold    : N/A (no test_markets in meta)
11:01:37 [auditprec]   (saved threshold=0.500 -> default flag=no)
11:01:37 [auditprec] ------------------------------------------------------------------------
11:01:37 [auditprec] MODEL  retrained_rf_insider_meta_v5   [tag=retrained_rf_insider_meta_v5, algo=rf, nf=20]
11:01:37 [auditprec]   pair model score   : prob=0.4874 (raw=0.4874)
11:01:37 [auditprec]   tuned threshold    : 0.8050
11:01:37 [auditprec]   held-out precision : 0.791 @ recall 0.971 (flagged 43 of 245 test rows; 35 true insiders in split)
11:01:37 [auditprec]   FLAG (tuned)       :     not flagged
11:01:37 [auditprec]   (saved threshold=0.500 -> default flag=no)
11:01:37 [auditprec] ------------------------------------------------------------------------
11:01:37 [auditprec] MODEL  xgb 10feat v2   [tag=xgb_insider_10feat_v2, algo=xgb, nf=10]
11:01:37 [auditprec]   pair model score   : prob=0.4304 (raw=0.6563)
11:01:37 [auditprec]   tuned threshold    : 0.6434
11:01:37 [auditprec]   held-out precision : 0.946 @ recall 1.000 (flagged 37 of 245 test rows; 35 true insiders in split)
11:01:37 [auditprec]   FLAG (tuned)       :     not flagged
11:01:37 [auditprec]   (saved threshold=0.500 -> default flag=no)
11:01:37 [auditprec] ------------------------------------------------------------------------
11:01:37 [auditprec] MODEL  rf 10feat v2   [tag=rf_insider_10feat_v2, algo=rf, nf=10]
11:01:37 [auditprec]   pair model score   : prob=0.4133 (raw=0.4133)
11:01:37 [auditprec]   tuned threshold    : 0.6867
11:01:37 [auditprec]   held-out precision : 0.895 @ recall 0.971 (flagged 38 of 245 test rows; 35 true insiders in split)
11:01:37 [auditprec]   FLAG (tuned)       :     not flagged
11:01:37 [auditprec]   (saved threshold=0.500 -> default flag=no)
11:01:37 [auditprec] ------------------------------------------------------------------------
11:01:37 [auditprec] MODEL  retrained_rf_insider_meta_v3   [tag=retrained_rf_insider_meta_v3, algo=rf, nf=27]
11:01:37 [auditprec]   pair model score   : prob=0.3767 (raw=0.3767)
11:01:37 [auditprec]   tuned threshold    : 0.6233
11:01:37 [auditprec]   held-out precision : 0.919 @ recall 0.971 (flagged 37 of 245 test rows; 35 true insiders in split)
11:01:37 [auditprec]   FLAG (tuned)       :     not flagged
11:01:37 [auditprec]   (saved threshold=0.500 -> default flag=no)
11:01:37 [auditprec] ------------------------------------------------------------------------
11:01:37 [auditprec] MODEL  xgb 14feat   [tag=xgb_insider_14feat, algo=xgb, nf=14]
11:01:37 [auditprec]   pair model score   : prob=0.3497 (raw=0.3497)
11:01:37 [auditprec]   tuned threshold    : N/A (no test_markets in meta)
11:01:37 [auditprec]   (saved threshold=0.500 -> default flag=no)
11:01:37 [auditprec] ------------------------------------------------------------------------
11:01:37 [auditprec] MODEL  rf 10b+10m v5 (tuned)   [tag=rf_insider_meta_v5, algo=rf, nf=20]
11:01:37 [auditprec]   pair model score   : prob=0.2805 (raw=0.2805)
11:01:37 [auditprec]   tuned threshold    : 0.5533
11:01:37 [auditprec]   held-out precision : 0.729 @ recall 1.000 (flagged 48 of 245 test rows; 35 true insiders in split)
11:01:37 [auditprec]   FLAG (tuned)       :     not flagged
11:01:37 [auditprec]   (saved threshold=0.500 -> default flag=no)
11:01:37 [auditprec] ------------------------------------------------------------------------
11:01:37 [auditprec] MODEL  cb 30feat v2   [tag=cb_insider_30feat_v2, algo=cb, nf=30]
11:01:37 [auditprec]   pair model score   : prob=0.2722 (raw=0.5253)
11:01:37 [auditprec]   tuned threshold    : 0.2833
11:01:37 [auditprec]   held-out precision : 0.875 @ recall 1.000 (flagged 40 of 245 test rows; 35 true insiders in split)
11:01:37 [auditprec]   FLAG (tuned)       :     not flagged
11:01:37 [auditprec]   (saved threshold=0.300 -> default flag=no)
11:01:37 [auditprec] ------------------------------------------------------------------------
11:01:37 [auditprec] MODEL  rf 10b+17m v3   [tag=rf_insider_meta_v3, algo=rf, nf=27]
11:01:37 [auditprec]   pair model score   : prob=0.2500 (raw=0.2500)
11:01:37 [auditprec]   tuned threshold    : 0.5067
11:01:37 [auditprec]   held-out precision : 0.778 @ recall 1.000 (flagged 45 of 245 test rows; 35 true insiders in split)
11:01:37 [auditprec]   FLAG (tuned)       :     not flagged
11:01:37 [auditprec]   (saved threshold=0.500 -> default flag=no)
11:01:37 [auditprec] ------------------------------------------------------------------------
11:01:37 [auditprec] MODEL  cb 10feat v2 (d2)   [tag=cb_insider_10feat_v2_d2, algo=cb, nf=10]
11:01:37 [auditprec]   pair model score   : prob=0.2294 (raw=0.4533)
11:01:37 [auditprec]   tuned threshold    : 0.3557
11:01:37 [auditprec]   held-out precision : 0.946 @ recall 1.000 (flagged 37 of 245 test rows; 35 true insiders in split)
11:01:37 [auditprec]   FLAG (tuned)       :     not flagged
11:01:37 [auditprec]   (saved threshold=0.300 -> default flag=no)
11:01:37 [auditprec] ------------------------------------------------------------------------
11:01:37 [auditprec] MODEL  rf 25ir-hidden (20f)   [tag=rf_insider_25ir, algo=rf, nf=20]
11:01:37 [auditprec]   pair model score   : prob=0.1999 (raw=0.1999)
11:01:37 [auditprec]   tuned threshold    : 0.3457
11:01:37 [auditprec]   held-out precision : 0.673 @ recall 0.971 (flagged 49 of 235 test rows; 34 true insiders in split)
11:01:37 [auditprec]   FLAG (tuned)       :     not flagged
11:01:37 [auditprec]   (saved threshold=0.500 -> default flag=no)
11:01:37 [auditprec] ------------------------------------------------------------------------
11:01:37 [auditprec] MODEL  cb 10feat v2   [tag=cb_insider_10feat_v2, algo=cb, nf=10]
11:01:37 [auditprec]   pair model score   : prob=0.1944 (raw=0.3802)
11:01:37 [auditprec]   tuned threshold    : 0.3089
11:01:37 [auditprec]   held-out precision : 0.921 @ recall 1.000 (flagged 38 of 245 test rows; 35 true insiders in split)
11:01:37 [auditprec]   FLAG (tuned)       :     not flagged
11:01:37 [auditprec]   (saved threshold=0.300 -> default flag=no)
11:01:37 [auditprec] ------------------------------------------------------------------------
11:01:37 [auditprec] MODEL  xgb 10b+17m v5   [tag=xgb_insider_meta_v5, algo=xgb, nf=27]
11:01:37 [auditprec]   pair model score   : prob=0.1803 (raw=0.4594)
11:01:37 [auditprec]   tuned threshold    : 0.4641
11:01:37 [auditprec]   held-out precision : 0.756 @ recall 0.971 (flagged 45 of 245 test rows; 35 true insiders in split)
11:01:37 [auditprec]   FLAG (tuned)       :     not flagged
11:01:37 [auditprec]   (saved threshold=0.150 -> default flag=YES)
11:01:37 [auditprec] ------------------------------------------------------------------------
11:01:37 [auditprec] MODEL  xgb 25ir-hidden (30f)   [tag=xgb_insider_25ir, algo=xgb, nf=30]
11:01:37 [auditprec]   pair model score   : prob=0.1287 (raw=0.3495)
11:01:37 [auditprec]   tuned threshold    : 0.5190
11:01:37 [auditprec]   held-out precision : 0.846 @ recall 0.971 (flagged 39 of 235 test rows; 34 true insiders in split)
11:01:37 [auditprec]   FLAG (tuned)       :     not flagged
11:01:37 [auditprec]   (saved threshold=0.150 -> default flag=no)
11:01:37 [auditprec] ------------------------------------------------------------------------
11:01:37 [auditprec] MODEL  retrained_xgb_insider_meta_v5   [tag=retrained_xgb_insider_meta_v5, algo=xgb, nf=27]
11:01:37 [auditprec]   pair model score   : prob=0.1212 (raw=0.3366)
11:01:37 [auditprec]   tuned threshold    : 0.3535
11:01:37 [auditprec]   held-out precision : 0.833 @ recall 1.000 (flagged 42 of 245 test rows; 35 true insiders in split)
11:01:37 [auditprec]   FLAG (tuned)       :     not flagged
11:01:37 [auditprec]   (saved threshold=0.150 -> default flag=no)
11:01:37 [auditprec] ------------------------------------------------------------------------
11:01:37 [auditprec] MODEL  retrained_xgb_insider_meta_v7   [tag=retrained_xgb_insider_meta_v7, algo=xgb, nf=30]
11:01:37 [auditprec]   pair model score   : prob=0.1168 (raw=0.3671)
11:01:37 [auditprec]   tuned threshold    : 0.2639
11:01:37 [auditprec]   held-out precision : 0.756 @ recall 0.971 (flagged 45 of 245 test rows; 35 true insiders in split)
11:01:37 [auditprec]   FLAG (tuned)       :     not flagged
11:01:37 [auditprec]   (saved threshold=0.150 -> default flag=no)
11:01:37 [auditprec] ------------------------------------------------------------------------
11:01:37 [auditprec] MODEL  retrained_xgb_insider_25ir   [tag=retrained_xgb_insider_25ir, algo=xgb, nf=30]
11:01:37 [auditprec]   pair model score   : prob=0.0794 (raw=0.2711)
11:01:37 [auditprec]   tuned threshold    : 0.4239
11:01:37 [auditprec]   held-out precision : 0.825 @ recall 0.971 (flagged 40 of 235 test rows; 34 true insiders in split)
11:01:37 [auditprec]   FLAG (tuned)       :     not flagged
11:01:37 [auditprec]   (saved threshold=0.150 -> default flag=no)
11:01:37 [auditprec] ------------------------------------------------------------------------
11:01:37 [auditprec] MODEL  isoforest 30feat   [tag=iso_insider_30feat, algo=iso, nf=30]
11:01:37 [auditprec]   pair model score   : anomaly=0.0238 (insider-score=-0.0238; higher = more anomalous)
11:01:37 [auditprec]   tuned threshold    : N/A (no test_markets in meta)
11:01:37 [auditprec]   (saved threshold=None -> default flag=no)
11:01:37 [auditprec] ========================================================================
11:01:37 [auditprec] SUMMARY over 35 models
11:01:37 [auditprec]   flagged at TUNED thresholds (>= 95% recall): 15/35
11:01:37 [auditprec]   flagged at SAVED thresholds (for reference)                : 9/35
11:01:37 [auditprec]   models with no usable test split (threshold left un-tuned): 5
11:01:37 [auditprec] ---------------------------------------------------------------------------------
11:01:37 [auditprec] model                       nf    score      raw  tuned_thr   prec    rec  tuned_flag
11:01:37 [auditprec] ---------------------------------------------------------------------------------
11:01:37 [auditprec] xgb 20feat v2 (mstr)        20   0.7150   0.8115      0.557   0.32   1.00  YES
11:01:37 [auditprec] xgb 20feat v2 (axiom)       20   0.7061   0.8672      0.103   0.37   1.00  YES
11:01:37 [auditprec] retrained_rf_insider_25ir   20   0.6695   0.6695      0.630   0.80   0.97  YES
11:01:37 [auditprec] xgb 20feat v2 (stable)      20   0.5585   0.6934      0.038   0.29   1.00  YES
11:01:37 [auditprec] xgb 30feat v2               30   0.4641   0.7786      0.245   0.88   1.00  YES
11:01:37 [auditprec] retrained_rf_insider_meta_v4  27   0.3933   0.3933      0.203   0.35   1.00  YES
11:01:37 [auditprec] xgb 20feat v2               20   0.3906   0.6636      0.149   0.95   1.00  YES
11:01:37 [auditprec] rf 10b+17m v4 (axiom)       27   0.3867   0.3867      0.253   0.44   1.00  YES
11:01:37 [auditprec] retrained_rf_insider_0ir    20   0.2753   0.2753      0.127   0.34   1.00  YES
11:01:37 [auditprec] rf 0ir-hidden (20f)         20   0.2307   0.2307      0.106   0.32   1.00  YES
11:01:37 [auditprec] xgb 20b+10m v7              30   0.1664   0.4530      0.118   0.77   0.97  YES
11:01:37 [auditprec] xgb 0ir-hidden (30f)        30   0.0867   0.1687      0.052   0.27   1.00  YES
11:01:37 [auditprec] retrained_xgb_insider_0ir   30   0.0812   0.1888      0.057   0.33   1.00  YES
11:01:37 [auditprec] xgb meta-only v6            10   0.0798   0.2431      0.074   0.55   0.97  YES
11:01:37 [auditprec] retrained_xgb_insider_meta10_v6  10   0.0698   0.1043      0.060   0.52   0.97  YES
11:01:37 [auditprec] lgbm 30feat                 30   0.7972   0.7972        N/A      -      -  N/A
11:01:37 [auditprec] logreg 30feat               30   0.5703   0.5703        N/A      -      -  N/A
11:01:37 [auditprec] xgb 50feat                  50   0.4955   0.4955        N/A      -      -  N/A
11:01:37 [auditprec] retrained_rf_insider_meta_v5  20   0.4874   0.4874      0.805   0.79   0.97  no
11:01:37 [auditprec] xgb 10feat v2               10   0.4304   0.6563      0.643   0.95   1.00  no
11:01:37 [auditprec] rf 10feat v2                10   0.4133   0.4133      0.687   0.89   0.97  no
11:01:37 [auditprec] retrained_rf_insider_meta_v3  27   0.3767   0.3767      0.623   0.92   0.97  no
11:01:37 [auditprec] xgb 14feat                  14   0.3497   0.3497        N/A      -      -  N/A
11:01:37 [auditprec] rf 10b+10m v5 (tuned)       20   0.2805   0.2805      0.553   0.73   1.00  no
11:01:37 [auditprec] cb 30feat v2                30   0.2722   0.5253      0.283   0.88   1.00  no
11:01:37 [auditprec] rf 10b+17m v3               27   0.2500   0.2500      0.507   0.78   1.00  no
11:01:37 [auditprec] cb 10feat v2 (d2)           10   0.2294   0.4533      0.356   0.95   1.00  no
11:01:37 [auditprec] rf 25ir-hidden (20f)        20   0.1999   0.1999      0.346   0.67   0.97  no
11:01:37 [auditprec] cb 10feat v2                10   0.1944   0.3802      0.309   0.92   1.00  no
11:01:37 [auditprec] xgb 10b+17m v5              27   0.1803   0.4594      0.464   0.76   0.97  no
11:01:37 [auditprec] xgb 25ir-hidden (30f)       30   0.1287   0.3495      0.519   0.85   0.97  no
11:01:37 [auditprec] retrained_xgb_insider_meta_v5  27   0.1212   0.3366      0.354   0.83   1.00  no
11:01:37 [auditprec] retrained_xgb_insider_meta_v7  30   0.1168   0.3671      0.264   0.76   0.97  no
11:01:37 [auditprec] retrained_xgb_insider_25ir  30   0.0794   0.2711      0.424   0.82   0.97  no
11:01:37 [auditprec] isoforest 30feat            30  -0.0238   0.0238        N/A      -      -  N/A
11:01:37 [auditprec] =================================================================================
11:01:37 [auditprec] wrote audit_out/recall95/auditprec_willusorisraelstrike_2370bd31_20260715_110122_models.csv
11:01:37 [auditprec] log saved to audit_out/recall95/auditprec_willusorisraelstrike_2370bd31_20260715_110122.log
