09:28:35 [auditprec] ========================================================================
09:28:35 [auditprec] audit_pair_precision starting, log=audit_out/auditprec_willd4vdbethe1search_c1259ddd_20260715_092835.log
09:28:35 [auditprec] wallet=0xc1259ddd92f58aded52d029e37e3fbbebafaa4c1
09:28:35 [auditprec] market=will-d4vd-be-the-1-searched-person-on-google-this-year
09:28:35 [auditprec] objective: max precision s.t. recall >= 0.95 per model
09:28:35 [auditprec] labelled data: 793 rows, 117 insiders, 29 markets
09:28:35 [auditprec] models to score: 36
09:28:35 [auditprec] events: loading market + events from cache cache/events/will-d4vd-be-the-1-searched-person-on-google-this-year.pkl
09:28:35 [auditprec] events: 14760 loaded from cache (offline-ok)
09:28:35 [auditprec] features: computing 58 behavioral features
09:28:38 [auditprec] features: computing 17 metadata features (api_key=MISSING -> funder feats NaN)
09:28:38 [auditprec] pair context: vol=$65,187  n_trades=97  winrate=0.0  herfindahl=1.0
09:28:41 [auditprec] skip stack_insider_30feat: no predict_proba/decision_function
09:28:43 [auditprec] ========================================================================
09:28:43 [auditprec] PER-MODEL (threshold tuned for recall >= 0.95 on held-out test split; maximizing precision)
09:28:43 [auditprec] ------------------------------------------------------------------------
09:28:43 [auditprec] MODEL  retrained_rf_insider_meta_v5   [tag=retrained_rf_insider_meta_v5, algo=rf, nf=20]
09:28:43 [auditprec]   pair model score   : prob=0.8340 (raw=0.8340)
09:28:43 [auditprec]   tuned threshold    : 0.8050
09:28:43 [auditprec]   held-out precision : 0.791 @ recall 0.971 (flagged 43 of 245 test rows; 35 true insiders in split)
09:28:43 [auditprec]   FLAG (tuned)       : ==> FLAGGED insider
09:28:43 [auditprec]   (saved threshold=0.500 -> default flag=YES)
09:28:43 [auditprec] ------------------------------------------------------------------------
09:28:43 [auditprec] MODEL  retrained_rf_insider_25ir   [tag=retrained_rf_insider_25ir, algo=rf, nf=20]
09:28:43 [auditprec]   pair model score   : prob=0.7946 (raw=0.7946)
09:28:43 [auditprec]   tuned threshold    : 0.6300
09:28:43 [auditprec]   held-out precision : 0.805 @ recall 0.971 (flagged 41 of 235 test rows; 34 true insiders in split)
09:28:43 [auditprec]   FLAG (tuned)       : ==> FLAGGED insider
09:28:43 [auditprec]   (saved threshold=0.500 -> default flag=YES)
09:28:43 [auditprec] ------------------------------------------------------------------------
09:28:43 [auditprec] MODEL  xgb 10b+17m v5   [tag=xgb_insider_meta_v5, algo=xgb, nf=27]
09:28:43 [auditprec]   pair model score   : prob=0.6812 (raw=0.9485)
09:28:43 [auditprec]   tuned threshold    : 0.4641
09:28:43 [auditprec]   held-out precision : 0.756 @ recall 0.971 (flagged 45 of 245 test rows; 35 true insiders in split)
09:28:43 [auditprec]   FLAG (tuned)       : ==> FLAGGED insider
09:28:43 [auditprec]   (saved threshold=0.150 -> default flag=YES)
09:28:43 [auditprec] ------------------------------------------------------------------------
09:28:43 [auditprec] MODEL  rf 10b+10m v5 (tuned)   [tag=rf_insider_meta_v5, algo=rf, nf=20]
09:28:43 [auditprec]   pair model score   : prob=0.6762 (raw=0.6762)
09:28:43 [auditprec]   tuned threshold    : 0.5533
09:28:43 [auditprec]   held-out precision : 0.729 @ recall 1.000 (flagged 48 of 245 test rows; 35 true insiders in split)
09:28:43 [auditprec]   FLAG (tuned)       : ==> FLAGGED insider
09:28:43 [auditprec]   (saved threshold=0.500 -> default flag=YES)
09:28:43 [auditprec] ------------------------------------------------------------------------
09:28:43 [auditprec] MODEL  retrained_xgb_insider_meta_v5   [tag=retrained_xgb_insider_meta_v5, algo=xgb, nf=27]
09:28:43 [auditprec]   pair model score   : prob=0.6228 (raw=0.8648)
09:28:43 [auditprec]   tuned threshold    : 0.3535
09:28:43 [auditprec]   held-out precision : 0.833 @ recall 1.000 (flagged 42 of 245 test rows; 35 true insiders in split)
09:28:43 [auditprec]   FLAG (tuned)       : ==> FLAGGED insider
09:28:43 [auditprec]   (saved threshold=0.150 -> default flag=YES)
09:28:43 [auditprec] ------------------------------------------------------------------------
09:28:43 [auditprec] MODEL  rf 10b+17m v4 (axiom)   [tag=rf_insider_meta_v4, algo=rf, nf=27]
09:28:43 [auditprec]   pair model score   : prob=0.6000 (raw=0.6000)
09:28:43 [auditprec]   tuned threshold    : 0.2533
09:28:43 [auditprec]   held-out precision : 0.438 @ recall 1.000 (flagged 16 of 49 test rows; 7 true insiders in split)
09:28:43 [auditprec]   FLAG (tuned)       : ==> FLAGGED insider
09:28:43 [auditprec]   (saved threshold=0.500 -> default flag=YES)
09:28:43 [auditprec] ------------------------------------------------------------------------
09:28:43 [auditprec] MODEL  xgb 0ir-hidden (30f)   [tag=xgb_insider_0ir, algo=xgb, nf=30]
09:28:43 [auditprec]   pair model score   : prob=0.5805 (raw=0.9040)
09:28:43 [auditprec]   tuned threshold    : 0.0518
09:28:43 [auditprec]   held-out precision : 0.268 @ recall 1.000 (flagged 56 of 105 test rows; 15 true insiders in split)
09:28:43 [auditprec]   FLAG (tuned)       : ==> FLAGGED insider
09:28:43 [auditprec]   (saved threshold=0.150 -> default flag=YES)
09:28:43 [auditprec] ------------------------------------------------------------------------
09:28:43 [auditprec] MODEL  rf 10b+17m v3   [tag=rf_insider_meta_v3, algo=rf, nf=27]
09:28:43 [auditprec]   pair model score   : prob=0.5667 (raw=0.5667)
09:28:43 [auditprec]   tuned threshold    : 0.5067
09:28:43 [auditprec]   held-out precision : 0.778 @ recall 1.000 (flagged 45 of 245 test rows; 35 true insiders in split)
09:28:43 [auditprec]   FLAG (tuned)       : ==> FLAGGED insider
09:28:43 [auditprec]   (saved threshold=0.500 -> default flag=YES)
09:28:43 [auditprec] ------------------------------------------------------------------------
09:28:43 [auditprec] MODEL  retrained_xgb_insider_0ir   [tag=retrained_xgb_insider_0ir, algo=xgb, nf=30]
09:28:43 [auditprec]   pair model score   : prob=0.5533 (raw=0.8736)
09:28:43 [auditprec]   tuned threshold    : 0.0571
09:28:43 [auditprec]   held-out precision : 0.333 @ recall 1.000 (flagged 45 of 105 test rows; 15 true insiders in split)
09:28:43 [auditprec]   FLAG (tuned)       : ==> FLAGGED insider
09:28:43 [auditprec]   (saved threshold=0.150 -> default flag=YES)
09:28:43 [auditprec] ------------------------------------------------------------------------
09:28:43 [auditprec] MODEL  rf 25ir-hidden (20f)   [tag=rf_insider_25ir, algo=rf, nf=20]
09:28:43 [auditprec]   pair model score   : prob=0.5524 (raw=0.5524)
09:28:43 [auditprec]   tuned threshold    : 0.3457
09:28:43 [auditprec]   held-out precision : 0.673 @ recall 0.971 (flagged 49 of 235 test rows; 34 true insiders in split)
09:28:43 [auditprec]   FLAG (tuned)       : ==> FLAGGED insider
09:28:43 [auditprec]   (saved threshold=0.500 -> default flag=YES)
09:28:43 [auditprec] ------------------------------------------------------------------------
09:28:43 [auditprec] MODEL  retrained_rf_insider_meta_v4   [tag=retrained_rf_insider_meta_v4, algo=rf, nf=27]
09:28:43 [auditprec]   pair model score   : prob=0.5367 (raw=0.5367)
09:28:43 [auditprec]   tuned threshold    : 0.2033
09:28:43 [auditprec]   held-out precision : 0.350 @ recall 1.000 (flagged 20 of 49 test rows; 7 true insiders in split)
09:28:43 [auditprec]   FLAG (tuned)       : ==> FLAGGED insider
09:28:43 [auditprec]   (saved threshold=0.500 -> default flag=YES)
09:28:43 [auditprec] ------------------------------------------------------------------------
09:28:43 [auditprec] MODEL  retrained_xgb_insider_meta10_v6   [tag=retrained_xgb_insider_meta10_v6, algo=xgb, nf=10]
09:28:43 [auditprec]   pair model score   : prob=0.5202 (raw=0.9107)
09:28:43 [auditprec]   tuned threshold    : 0.0603
09:28:43 [auditprec]   held-out precision : 0.523 @ recall 0.971 (flagged 65 of 245 test rows; 35 true insiders in split)
09:28:43 [auditprec]   FLAG (tuned)       : ==> FLAGGED insider
09:28:43 [auditprec]   (saved threshold=0.150 -> default flag=YES)
09:28:43 [auditprec] ------------------------------------------------------------------------
09:28:43 [auditprec] MODEL  xgb meta-only v6   [tag=xgb_insider_meta10_v6, algo=xgb, nf=10]
09:28:43 [auditprec]   pair model score   : prob=0.4963 (raw=0.8976)
09:28:43 [auditprec]   tuned threshold    : 0.0737
09:28:43 [auditprec]   held-out precision : 0.548 @ recall 0.971 (flagged 62 of 245 test rows; 35 true insiders in split)
09:28:43 [auditprec]   FLAG (tuned)       : ==> FLAGGED insider
09:28:43 [auditprec]   (saved threshold=0.150 -> default flag=YES)
09:28:43 [auditprec] ------------------------------------------------------------------------
09:28:43 [auditprec] MODEL  rf 0ir-hidden (20f)   [tag=rf_insider_0ir, algo=rf, nf=20]
09:28:43 [auditprec]   pair model score   : prob=0.4941 (raw=0.4941)
09:28:43 [auditprec]   tuned threshold    : 0.1062
09:28:43 [auditprec]   held-out precision : 0.319 @ recall 1.000 (flagged 47 of 105 test rows; 15 true insiders in split)
09:28:43 [auditprec]   FLAG (tuned)       : ==> FLAGGED insider
09:28:43 [auditprec]   (saved threshold=0.500 -> default flag=no)
09:28:43 [auditprec] ------------------------------------------------------------------------
09:28:43 [auditprec] MODEL  retrained_xgb_insider_25ir   [tag=retrained_xgb_insider_25ir, algo=xgb, nf=30]
09:28:43 [auditprec]   pair model score   : prob=0.4657 (raw=0.8077)
09:28:43 [auditprec]   tuned threshold    : 0.4239
09:28:43 [auditprec]   held-out precision : 0.825 @ recall 0.971 (flagged 40 of 235 test rows; 34 true insiders in split)
09:28:43 [auditprec]   FLAG (tuned)       : ==> FLAGGED insider
09:28:43 [auditprec]   (saved threshold=0.150 -> default flag=YES)
09:28:43 [auditprec] ------------------------------------------------------------------------
09:28:43 [auditprec] MODEL  retrained_rf_insider_0ir   [tag=retrained_rf_insider_0ir, algo=rf, nf=20]
09:28:43 [auditprec]   pair model score   : prob=0.4409 (raw=0.4409)
09:28:43 [auditprec]   tuned threshold    : 0.1269
09:28:43 [auditprec]   held-out precision : 0.341 @ recall 1.000 (flagged 44 of 105 test rows; 15 true insiders in split)
09:28:43 [auditprec]   FLAG (tuned)       : ==> FLAGGED insider
09:28:43 [auditprec]   (saved threshold=0.500 -> default flag=no)
09:28:43 [auditprec] ------------------------------------------------------------------------
09:28:43 [auditprec] MODEL  retrained_xgb_insider_meta_v7   [tag=retrained_xgb_insider_meta_v7, algo=xgb, nf=30]
09:28:43 [auditprec]   pair model score   : prob=0.3396 (raw=0.6486)
09:28:43 [auditprec]   tuned threshold    : 0.2639
09:28:43 [auditprec]   held-out precision : 0.756 @ recall 0.971 (flagged 45 of 245 test rows; 35 true insiders in split)
09:28:43 [auditprec]   FLAG (tuned)       : ==> FLAGGED insider
09:28:43 [auditprec]   (saved threshold=0.150 -> default flag=YES)
09:28:43 [auditprec] ------------------------------------------------------------------------
09:28:43 [auditprec] MODEL  xgb 20b+10m v7   [tag=xgb_insider_meta_v7, algo=xgb, nf=30]
09:28:43 [auditprec]   pair model score   : prob=0.1861 (raw=0.4821)
09:28:43 [auditprec]   tuned threshold    : 0.1178
09:28:43 [auditprec]   held-out precision : 0.773 @ recall 0.971 (flagged 44 of 245 test rows; 35 true insiders in split)
09:28:43 [auditprec]   FLAG (tuned)       : ==> FLAGGED insider
09:28:43 [auditprec]   (saved threshold=0.150 -> default flag=YES)
09:28:43 [auditprec] ------------------------------------------------------------------------
09:28:43 [auditprec] MODEL  retrained_rf_insider_meta_v3   [tag=retrained_rf_insider_meta_v3, algo=rf, nf=27]
09:28:43 [auditprec]   pair model score   : prob=0.5533 (raw=0.5533)
09:28:43 [auditprec]   tuned threshold    : 0.6233
09:28:43 [auditprec]   held-out precision : 0.919 @ recall 0.971 (flagged 37 of 245 test rows; 35 true insiders in split)
09:28:43 [auditprec]   FLAG (tuned)       :     not flagged
09:28:43 [auditprec]   (saved threshold=0.500 -> default flag=YES)
09:28:43 [auditprec] ------------------------------------------------------------------------
09:28:43 [auditprec] MODEL  xgb 25ir-hidden (30f)   [tag=xgb_insider_25ir, algo=xgb, nf=30]
09:28:43 [auditprec]   pair model score   : prob=0.4906 (raw=0.7878)
09:28:43 [auditprec]   tuned threshold    : 0.5190
09:28:43 [auditprec]   held-out precision : 0.846 @ recall 0.971 (flagged 39 of 235 test rows; 34 true insiders in split)
09:28:43 [auditprec]   FLAG (tuned)       :     not flagged
09:28:43 [auditprec]   (saved threshold=0.150 -> default flag=YES)
09:28:43 [auditprec] ------------------------------------------------------------------------
09:28:43 [auditprec] MODEL  xgb 14feat   [tag=xgb_insider_14feat, algo=xgb, nf=14]
09:28:43 [auditprec]   pair model score   : prob=0.4534 (raw=0.4534)
09:28:43 [auditprec]   tuned threshold    : N/A (no test_markets in meta)
09:28:43 [auditprec]   (saved threshold=0.500 -> default flag=no)
09:28:43 [auditprec] ------------------------------------------------------------------------
09:28:43 [auditprec] MODEL  xgb 10feat v2   [tag=xgb_insider_10feat_v2, algo=xgb, nf=10]
09:28:43 [auditprec]   pair model score   : prob=0.4207 (raw=0.6471)
09:28:43 [auditprec]   tuned threshold    : 0.6434
09:28:43 [auditprec]   held-out precision : 0.946 @ recall 1.000 (flagged 37 of 245 test rows; 35 true insiders in split)
09:28:43 [auditprec]   FLAG (tuned)       :     not flagged
09:28:43 [auditprec]   (saved threshold=0.500 -> default flag=no)
09:28:43 [auditprec] ------------------------------------------------------------------------
09:28:43 [auditprec] MODEL  logreg 30feat   [tag=lr_insider_30feat, algo=lr, nf=30]
09:28:43 [auditprec]   pair model score   : prob=0.2655 (raw=0.2655)
09:28:43 [auditprec]   tuned threshold    : N/A (no test_markets in meta)
09:28:43 [auditprec]   (saved threshold=0.500 -> default flag=no)
09:28:43 [auditprec] ------------------------------------------------------------------------
09:28:43 [auditprec] MODEL  rf 10feat v2   [tag=rf_insider_10feat_v2, algo=rf, nf=10]
09:28:43 [auditprec]   pair model score   : prob=0.2567 (raw=0.2567)
09:28:43 [auditprec]   tuned threshold    : 0.6867
09:28:43 [auditprec]   held-out precision : 0.895 @ recall 0.971 (flagged 38 of 245 test rows; 35 true insiders in split)
09:28:43 [auditprec]   FLAG (tuned)       :     not flagged
09:28:43 [auditprec]   (saved threshold=0.500 -> default flag=no)
09:28:43 [auditprec] ------------------------------------------------------------------------
09:28:43 [auditprec] MODEL  cb 10feat v2 (d2)   [tag=cb_insider_10feat_v2_d2, algo=cb, nf=10]
09:28:43 [auditprec]   pair model score   : prob=0.1992 (raw=0.3631)
09:28:43 [auditprec]   tuned threshold    : 0.3557
09:28:43 [auditprec]   held-out precision : 0.946 @ recall 1.000 (flagged 37 of 245 test rows; 35 true insiders in split)
09:28:43 [auditprec]   FLAG (tuned)       :     not flagged
09:28:43 [auditprec]   (saved threshold=0.300 -> default flag=no)
09:28:43 [auditprec] ------------------------------------------------------------------------
09:28:43 [auditprec] MODEL  cb 10feat v2   [tag=cb_insider_10feat_v2, algo=cb, nf=10]
09:28:43 [auditprec]   pair model score   : prob=0.1776 (raw=0.3193)
09:28:43 [auditprec]   tuned threshold    : 0.3089
09:28:43 [auditprec]   held-out precision : 0.921 @ recall 1.000 (flagged 38 of 245 test rows; 35 true insiders in split)
09:28:43 [auditprec]   FLAG (tuned)       :     not flagged
09:28:43 [auditprec]   (saved threshold=0.300 -> default flag=no)
09:28:43 [auditprec] ------------------------------------------------------------------------
09:28:43 [auditprec] MODEL  xgb 30feat v2   [tag=xgb_insider_30feat_v2, algo=xgb, nf=30]
09:28:43 [auditprec]   pair model score   : prob=0.1402 (raw=0.4076)
09:28:43 [auditprec]   tuned threshold    : 0.2454
09:28:43 [auditprec]   held-out precision : 0.875 @ recall 1.000 (flagged 40 of 245 test rows; 35 true insiders in split)
09:28:43 [auditprec]   FLAG (tuned)       :     not flagged
09:28:43 [auditprec]   (saved threshold=0.500 -> default flag=no)
09:28:43 [auditprec] ------------------------------------------------------------------------
09:28:43 [auditprec] MODEL  cb 30feat v2   [tag=cb_insider_30feat_v2, algo=cb, nf=30]
09:28:43 [auditprec]   pair model score   : prob=0.1393 (raw=0.1358)
09:28:43 [auditprec]   tuned threshold    : 0.2833
09:28:43 [auditprec]   held-out precision : 0.875 @ recall 1.000 (flagged 40 of 245 test rows; 35 true insiders in split)
09:28:43 [auditprec]   FLAG (tuned)       :     not flagged
09:28:43 [auditprec]   (saved threshold=0.300 -> default flag=no)
09:28:43 [auditprec] ------------------------------------------------------------------------
09:28:43 [auditprec] MODEL  xgb 20feat v2   [tag=xgb_insider_20feat_v2, algo=xgb, nf=20]
09:28:43 [auditprec]   pair model score   : prob=0.1239 (raw=0.3364)
09:28:43 [auditprec]   tuned threshold    : 0.1490
09:28:43 [auditprec]   held-out precision : 0.946 @ recall 1.000 (flagged 37 of 245 test rows; 35 true insiders in split)
09:28:43 [auditprec]   FLAG (tuned)       :     not flagged
09:28:43 [auditprec]   (saved threshold=0.150 -> default flag=no)
09:28:43 [auditprec] ------------------------------------------------------------------------
09:28:43 [auditprec] MODEL  xgb 20feat v2 (axiom)   [tag=xgb_insider_20feat_v2_axiom, algo=xgb, nf=20]
09:28:43 [auditprec]   pair model score   : prob=0.0543 (raw=0.0119)
09:28:43 [auditprec]   tuned threshold    : 0.1025
09:28:43 [auditprec]   held-out precision : 0.368 @ recall 1.000 (flagged 19 of 49 test rows; 7 true insiders in split)
09:28:43 [auditprec]   FLAG (tuned)       :     not flagged
09:28:43 [auditprec]   (saved threshold=0.150 -> default flag=no)
09:28:43 [auditprec] ------------------------------------------------------------------------
09:28:43 [auditprec] MODEL  isoforest 30feat   [tag=iso_insider_30feat, algo=iso, nf=30]
09:28:43 [auditprec]   pair model score   : anomaly=-0.0397 (insider-score=0.0397; higher = more anomalous)
09:28:43 [auditprec]   tuned threshold    : N/A (no test_markets in meta)
09:28:43 [auditprec]   (saved threshold=None -> default flag=YES)
09:28:43 [auditprec] ------------------------------------------------------------------------
09:28:43 [auditprec] MODEL  xgb 20feat v2 (mstr)   [tag=xgb_insider_20feat_v2_mstr, algo=xgb, nf=20]
09:28:43 [auditprec]   pair model score   : prob=0.0356 (raw=0.0475)
09:28:43 [auditprec]   tuned threshold    : 0.5570
09:28:43 [auditprec]   held-out precision : 0.316 @ recall 1.000 (flagged 19 of 42 test rows; 6 true insiders in split)
09:28:43 [auditprec]   FLAG (tuned)       :     not flagged
09:28:43 [auditprec]   (saved threshold=0.150 -> default flag=no)
09:28:43 [auditprec] ------------------------------------------------------------------------
09:28:43 [auditprec] MODEL  xgb 20feat v2 (stable)   [tag=xgb_insider_20feat_v2_stable, algo=xgb, nf=20]
09:28:43 [auditprec]   pair model score   : prob=0.0278 (raw=0.0428)
09:28:43 [auditprec]   tuned threshold    : 0.0376
09:28:43 [auditprec]   held-out precision : 0.286 @ recall 1.000 (flagged 14 of 20 test rows; 4 true insiders in split)
09:28:43 [auditprec]   FLAG (tuned)       :     not flagged
09:28:43 [auditprec]   (saved threshold=0.150 -> default flag=no)
09:28:43 [auditprec] ------------------------------------------------------------------------
09:28:43 [auditprec] MODEL  xgb 50feat   [tag=xgb_insider_50feat, algo=xgb, nf=50]
09:28:43 [auditprec]   pair model score   : prob=0.0131 (raw=0.0131)
09:28:43 [auditprec]   tuned threshold    : N/A (no test_markets in meta)
09:28:43 [auditprec]   (saved threshold=0.500 -> default flag=no)
09:28:43 [auditprec] ------------------------------------------------------------------------
09:28:43 [auditprec] MODEL  lgbm 30feat   [tag=lgbm_insider_30feat, algo=lgbm, nf=30]
09:28:43 [auditprec]   pair model score   : prob=0.0127 (raw=0.0127)
09:28:43 [auditprec]   tuned threshold    : N/A (no test_markets in meta)
09:28:43 [auditprec]   (saved threshold=0.500 -> default flag=no)
09:28:43 [auditprec] ========================================================================
09:28:43 [auditprec] SUMMARY over 35 models
09:28:43 [auditprec]   flagged at TUNED thresholds (>= 95% recall): 18/35
09:28:43 [auditprec]   flagged at SAVED thresholds (for reference)                : 19/35
09:28:43 [auditprec]   models with no usable test split (threshold left un-tuned): 5
09:28:43 [auditprec] ---------------------------------------------------------------------------------
09:28:43 [auditprec] model                       nf    score      raw  tuned_thr   prec    rec  tuned_flag
09:28:43 [auditprec] ---------------------------------------------------------------------------------
09:28:43 [auditprec] retrained_rf_insider_meta_v5  20   0.8340   0.8340      0.805   0.79   0.97  YES
09:28:43 [auditprec] retrained_rf_insider_25ir   20   0.7946   0.7946      0.630   0.80   0.97  YES
09:28:43 [auditprec] xgb 10b+17m v5              27   0.6812   0.9485      0.464   0.76   0.97  YES
09:28:43 [auditprec] rf 10b+10m v5 (tuned)       20   0.6762   0.6762      0.553   0.73   1.00  YES
09:28:43 [auditprec] retrained_xgb_insider_meta_v5  27   0.6228   0.8648      0.354   0.83   1.00  YES
09:28:43 [auditprec] rf 10b+17m v4 (axiom)       27   0.6000   0.6000      0.253   0.44   1.00  YES
09:28:43 [auditprec] xgb 0ir-hidden (30f)        30   0.5805   0.9040      0.052   0.27   1.00  YES
09:28:43 [auditprec] rf 10b+17m v3               27   0.5667   0.5667      0.507   0.78   1.00  YES
09:28:43 [auditprec] retrained_xgb_insider_0ir   30   0.5533   0.8736      0.057   0.33   1.00  YES
09:28:43 [auditprec] rf 25ir-hidden (20f)        20   0.5524   0.5524      0.346   0.67   0.97  YES
09:28:43 [auditprec] retrained_rf_insider_meta_v4  27   0.5367   0.5367      0.203   0.35   1.00  YES
09:28:43 [auditprec] retrained_xgb_insider_meta10_v6  10   0.5202   0.9107      0.060   0.52   0.97  YES
09:28:43 [auditprec] xgb meta-only v6            10   0.4963   0.8976      0.074   0.55   0.97  YES
09:28:43 [auditprec] rf 0ir-hidden (20f)         20   0.4941   0.4941      0.106   0.32   1.00  YES
09:28:43 [auditprec] retrained_xgb_insider_25ir  30   0.4657   0.8077      0.424   0.82   0.97  YES
09:28:43 [auditprec] retrained_rf_insider_0ir    20   0.4409   0.4409      0.127   0.34   1.00  YES
09:28:43 [auditprec] retrained_xgb_insider_meta_v7  30   0.3396   0.6486      0.264   0.76   0.97  YES
09:28:43 [auditprec] xgb 20b+10m v7              30   0.1861   0.4821      0.118   0.77   0.97  YES
09:28:43 [auditprec] retrained_rf_insider_meta_v3  27   0.5533   0.5533      0.623   0.92   0.97  no
09:28:43 [auditprec] xgb 25ir-hidden (30f)       30   0.4906   0.7878      0.519   0.85   0.97  no
09:28:43 [auditprec] xgb 14feat                  14   0.4534   0.4534        N/A      -      -  N/A
09:28:43 [auditprec] xgb 10feat v2               10   0.4207   0.6471      0.643   0.95   1.00  no
09:28:43 [auditprec] logreg 30feat               30   0.2655   0.2655        N/A      -      -  N/A
09:28:43 [auditprec] rf 10feat v2                10   0.2567   0.2567      0.687   0.89   0.97  no
09:28:43 [auditprec] cb 10feat v2 (d2)           10   0.1992   0.3631      0.356   0.95   1.00  no
09:28:43 [auditprec] cb 10feat v2                10   0.1776   0.3193      0.309   0.92   1.00  no
09:28:43 [auditprec] xgb 30feat v2               30   0.1402   0.4076      0.245   0.88   1.00  no
09:28:43 [auditprec] cb 30feat v2                30   0.1393   0.1358      0.283   0.88   1.00  no
09:28:43 [auditprec] xgb 20feat v2               20   0.1239   0.3364      0.149   0.95   1.00  no
09:28:43 [auditprec] xgb 20feat v2 (axiom)       20   0.0543   0.0119      0.103   0.37   1.00  no
09:28:43 [auditprec] isoforest 30feat            30   0.0397  -0.0397        N/A      -      -  N/A
09:28:43 [auditprec] xgb 20feat v2 (mstr)        20   0.0356   0.0475      0.557   0.32   1.00  no
09:28:43 [auditprec] xgb 20feat v2 (stable)      20   0.0278   0.0428      0.038   0.29   1.00  no
09:28:43 [auditprec] xgb 50feat                  50   0.0131   0.0131        N/A      -      -  N/A
09:28:43 [auditprec] lgbm 30feat                 30   0.0127   0.0127        N/A      -      -  N/A
09:28:43 [auditprec] =================================================================================
09:28:43 [auditprec] wrote audit_out/auditprec_willd4vdbethe1search_c1259ddd_20260715_092835_models.csv
09:28:43 [auditprec] log saved to audit_out/auditprec_willd4vdbethe1search_c1259ddd_20260715_092835.log
